Archive member included to satisfy reference by file (symbol)

c:/users/20109/appdata/roaming/xpacks/@xpack-dev-tools/arm-none-eabi-gcc/12.2.1-1.2.1/.content/bin/../lib/gcc/arm-none-eabi/12.2.1/thumb/v7e-m+fp/softfp\libgcc.a(_aeabi_uldivmod.o)
                              system\src\stm32f4-hal\stm32f4xx_hal_rcc.o (__aeabi_uldivmod)
c:/users/20109/appdata/roaming/xpacks/@xpack-dev-tools/arm-none-eabi-gcc/12.2.1-1.2.1/.content/bin/../lib/gcc/arm-none-eabi/12.2.1/thumb/v7e-m+fp/softfp\libgcc.a(_udivmoddi4.o)
                              c:/users/20109/appdata/roaming/xpacks/@xpack-dev-tools/arm-none-eabi-gcc/12.2.1-1.2.1/.content/bin/../lib/gcc/arm-none-eabi/12.2.1/thumb/v7e-m+fp/softfp\libgcc.a(_aeabi_uldivmod.o) (__udivmoddi4)
c:/users/20109/appdata/roaming/xpacks/@xpack-dev-tools/arm-none-eabi-gcc/12.2.1-1.2.1/.content/bin/../lib/gcc/arm-none-eabi/12.2.1/thumb/v7e-m+fp/softfp\libgcc.a(_dvmd_tls.o)
                              c:/users/20109/appdata/roaming/xpacks/@xpack-dev-tools/arm-none-eabi-gcc/12.2.1-1.2.1/.content/bin/../lib/gcc/arm-none-eabi/12.2.1/thumb/v7e-m+fp/softfp\libgcc.a(_aeabi_uldivmod.o) (__aeabi_ldiv0)
c:/users/20109/appdata/roaming/xpacks/@xpack-dev-tools/arm-none-eabi-gcc/12.2.1-1.2.1/.content/bin/../lib/gcc/arm-none-eabi/12.2.1/../../../../arm-none-eabi/lib/thumb/v7e-m+fp/softfp\libg_nano.a(libc_a-ctype_.o)
                              system\src\newlib\syscalls.o (_ctype_)
c:/users/20109/appdata/roaming/xpacks/@xpack-dev-tools/arm-none-eabi-gcc/12.2.1-1.2.1/.content/bin/../lib/gcc/arm-none-eabi/12.2.1/../../../../arm-none-eabi/lib/thumb/v7e-m+fp/softfp\libg_nano.a(libc_a-printf.o)
                              src\main.o (printf)
c:/users/20109/appdata/roaming/xpacks/@xpack-dev-tools/arm-none-eabi-gcc/12.2.1-1.2.1/.content/bin/../lib/gcc/arm-none-eabi/12.2.1/../../../../arm-none-eabi/lib/thumb/v7e-m+fp/softfp\libg_nano.a(libc_a-vsnprintf.o)
                              system\src\diag\trace.o (vsnprintf)
c:/users/20109/appdata/roaming/xpacks/@xpack-dev-tools/arm-none-eabi-gcc/12.2.1-1.2.1/.content/bin/../lib/gcc/arm-none-eabi/12.2.1/../../../../arm-none-eabi/lib/thumb/v7e-m+fp/softfp\libg_nano.a(libc_a-memset.o)
                              FreeRTOS Source\tasks.o (memset)
c:/users/20109/appdata/roaming/xpacks/@xpack-dev-tools/arm-none-eabi-gcc/12.2.1-1.2.1/.content/bin/../lib/gcc/arm-none-eabi/12.2.1/../../../../arm-none-eabi/lib/thumb/v7e-m+fp/softfp\libg_nano.a(libc_a-strncpy.o)
                              system\src\newlib\syscalls.o (strncpy)
c:/users/20109/appdata/roaming/xpacks/@xpack-dev-tools/arm-none-eabi-gcc/12.2.1-1.2.1/.content/bin/../lib/gcc/arm-none-eabi/12.2.1/../../../../arm-none-eabi/lib/thumb/v7e-m+fp/softfp\libg_nano.a(libc_a-impure.o)
                              c:/users/20109/appdata/roaming/xpacks/@xpack-dev-tools/arm-none-eabi-gcc/12.2.1-1.2.1/.content/bin/../lib/gcc/arm-none-eabi/12.2.1/../../../../arm-none-eabi/lib/thumb/v7e-m+fp/softfp\libg_nano.a(libc_a-printf.o) (_impure_ptr)
c:/users/20109/appdata/roaming/xpacks/@xpack-dev-tools/arm-none-eabi-gcc/12.2.1-1.2.1/.content/bin/../lib/gcc/arm-none-eabi/12.2.1/../../../../arm-none-eabi/lib/thumb/v7e-m+fp/softfp\libg_nano.a(libc_a-errno.o)
                              system\src\newlib\sbrk.o (__errno)
c:/users/20109/appdata/roaming/xpacks/@xpack-dev-tools/arm-none-eabi-gcc/12.2.1-1.2.1/.content/bin/../lib/gcc/arm-none-eabi/12.2.1/../../../../arm-none-eabi/lib/thumb/v7e-m+fp/softfp\libg_nano.a(libc_a-strcmp.o)
                              system\src\cortexm\exception-handlers.o (strcmp)
c:/users/20109/appdata/roaming/xpacks/@xpack-dev-tools/arm-none-eabi-gcc/12.2.1-1.2.1/.content/bin/../lib/gcc/arm-none-eabi/12.2.1/../../../../arm-none-eabi/lib/thumb/v7e-m+fp/softfp\libg_nano.a(libc_a-memcpy-stub.o)
                              FreeRTOS Source\queue.o (memcpy)
c:/users/20109/appdata/roaming/xpacks/@xpack-dev-tools/arm-none-eabi-gcc/12.2.1-1.2.1/.content/bin/../lib/gcc/arm-none-eabi/12.2.1/../../../../arm-none-eabi/lib/thumb/v7e-m+fp/softfp\libg_nano.a(libc_a-strlen.o)
                              system\src\diag\trace.o (strlen)
c:/users/20109/appdata/roaming/xpacks/@xpack-dev-tools/arm-none-eabi-gcc/12.2.1-1.2.1/.content/bin/../lib/gcc/arm-none-eabi/12.2.1/../../../../arm-none-eabi/lib/thumb/v7e-m+fp/softfp\libg_nano.a(libc_a-nano-svfprintf.o)
                              c:/users/20109/appdata/roaming/xpacks/@xpack-dev-tools/arm-none-eabi-gcc/12.2.1-1.2.1/.content/bin/../lib/gcc/arm-none-eabi/12.2.1/../../../../arm-none-eabi/lib/thumb/v7e-m+fp/softfp\libg_nano.a(libc_a-vsnprintf.o) (_svfprintf_r)
c:/users/20109/appdata/roaming/xpacks/@xpack-dev-tools/arm-none-eabi-gcc/12.2.1-1.2.1/.content/bin/../lib/gcc/arm-none-eabi/12.2.1/../../../../arm-none-eabi/lib/thumb/v7e-m+fp/softfp\libg_nano.a(libc_a-nano-vfprintf.o)
[...]
Memory Configuration

Name             Origin             Length             Attributes
RAM              0x0000000020000000 0x0000000000020000 xrw
CCMRAM           0x0000000010000000 0x0000000000010000 xrw
FLASH            0x0000000008000000 0x0000000000100000 xr
FLASHB1          0x0000000000000000 0x0000000000000000 xr
EXTMEMB0         0x0000000000000000 0x0000000000000000 xr
EXTMEMB1         0x0000000000000000 0x0000000000000000 xr
EXTMEMB2         0x0000000000000000 0x0000000000000000 xr
EXTMEMB3         0x0000000000000000 0x0000000000000000 xr
MEMORY_ARRAY     0x0000000020002000 0x0000000000000020 xrw
*default*        0x0000000000000000 0xffffffffffffffff

Linker script and memory map

LOAD FreeRTOS Source\croutine.o
LOAD FreeRTOS Source\event_groups.o
LOAD FreeRTOS Source\list.o
LOAD FreeRTOS Source\portable\GCC\ARM_CM4F\port.o
LOAD FreeRTOS Source\portable\MemMang\heap_4.o
LOAD FreeRTOS Source\queue.o
LOAD FreeRTOS Source\tasks.o
LOAD FreeRTOS Source\timers.o
LOAD src\initialize-hardware.o
LOAD src\led.o
LOAD src\main.o
LOAD src\stm32f4xx_hal_msp.o
LOAD src\write.o
LOAD system\src\cmsis\system_stm32f4xx.o
LOAD system\src\cmsis\vectors_stm32f407xx.o
LOAD system\src\cortexm\exception-handlers.o
LOAD system\src\cortexm\initialize-hardware.o
LOAD system\src\cortexm\reset-hardware.o
LOAD system\src\diag\trace-impl.o
LOAD system\src\diag\trace.o
LOAD system\src\newlib\assert.o
LOAD system\src\newlib\cxx.o
LOAD system\src\newlib\exit.o
LOAD system\src\newlib\sbrk.o
LOAD system\src\newlib\startup.o
LOAD system\src\newlib\syscalls.o
LOAD system\src\stm32f4-hal\stm32f4xx_hal.o
LOAD system\src\stm32f4-hal\stm32f4xx_hal_cortex.o
LOAD system\src\stm32f4-hal\stm32f4xx_hal_flash.o
LOAD system\src\stm32f4-hal\stm32f4xx_hal_flash_ex.o
LOAD system\src\stm32f4-hal\stm32f4xx_hal_flash_ramfunc.o
LOAD system\src\stm32f4-hal\stm32f4xx_hal_gpio.o
LOAD system\src\stm32f4-hal\stm32f4xx_hal_iwdg.o
LOAD system\src\stm32f4-hal\stm32f4xx_hal_pwr.o
LOAD system\src\stm32f4-hal\stm32f4xx_hal_rcc.o
LOAD c:/users/20109/appdata/roaming/xpacks/@xpack-dev-tools/arm-none-eabi-gcc/12.2.1-1.2.1/.content/bin/../lib/gcc/arm-none-eabi/12.2.1/../../../../arm-none-eabi/lib/thumb/v7e-m+fp/softfp\libstdc++_nano.a
LOAD c:/users/20109/appdata/roaming/xpacks/@xpack-dev-tools/arm-none-eabi-gcc/12.2.1-1.2.1/.content/bin/../lib/gcc/arm-none-eabi/12.2.1/../../../../arm-none-eabi/lib/thumb/v7e-m+fp/softfp\libm.a
START GROUP
LOAD c:/users/20109/appdata/roaming/xpacks/@xpack-dev-tools/arm-none-eabi-gcc/12.2.1-1.2.1/.content/bin/../lib/gcc/arm-none-eabi/12.2.1/thumb/v7e-m+fp/softfp\libgcc.a
LOAD c:/users/20109/appdata/roaming/xpacks/@xpack-dev-tools/arm-none-eabi-gcc/12.2.1-1.2.1/.content/bin/../lib/gcc/arm-none-eabi/12.2.1/../../../../arm-none-eabi/lib/thumb/v7e-m+fp/softfp\libg_nano.a
LOAD c:/users/20109/appdata/roaming/xpacks/@xpack-dev-tools/arm-none-eabi-gcc/12.2.1-1.2.1/.content/bin/../lib/gcc/arm-none-eabi/12.2.1/../../../../arm-none-eabi/lib/thumb/v7e-m+fp/softfp\libc_nano.a
END GROUP
START GROUP
LOAD c:/users/20109/appdata/roaming/xpacks/@xpack-dev-tools/arm-none-eabi-gcc/12.2.1-1.2.1/.content/bin/../lib/gcc/arm-none-eabi/12.2.1/thumb/v7e-m+fp/softfp\libgcc.a
LOAD c:/users/20109/appdata/roaming/xpacks/@xpack-dev-tools/arm-none-eabi-gcc/12.2.1-1.2.1/.content/bin/../lib/gcc/arm-none-eabi/12.2.1/../../../../arm-none-eabi/lib/thumb/v7e-m+fp/softfp\libc_nano.a
END GROUP
                0x0000000020020000                __stack = (ORIGIN (RAM) + LENGTH (RAM))
                0x0000000020020000                _estack = __stack
                0x0000000000000400                __Main_Stack_Size = 0x400
                [!provide]                        PROVIDE (_Main_Stack_Size = __Main_Stack_Size)
                0x000000002001fc00                __Main_Stack_Limit = (__stack - __Main_Stack_Size)
                [!provide]                        PROVIDE (_Main_Stack_Limit = __Main_Stack_Limit)
                0x0000000000000100                _Minimum_Stack_Size = 0x100
                0x0000000020013140                PROVIDE (_Heap_Begin = _end_noinit)
                0x000000002001fc00                PROVIDE (_Heap_Limit = (__stack - __Main_Stack_Size))

.isr_vector     0x0000000008000000      0x3e8
 FILL mask 0xff
                0x0000000008000000                __vectors_start = ABSOLUTE (.)
                0x0000000008000000                __vectors_start__ = ABSOLUTE (.)
 *(.isr_vector)
 .isr_vector    0x0000000008000000      0x188 system\src\cmsis\vectors_stm32f407xx.o
                0x0000000008000000                __isr_vectors
 *(.cfmconfig)
 *(.after_vectors .after_vectors.*)
 .after_vectors
                0x0000000008000188        0x4 system\src\cmsis\vectors_stm32f407xx.o
                0x0000000008000188                RTC_Alarm_IRQHandler
                0x0000000008000188                HASH_RNG_IRQHandler
                0x0000000008000188                EXTI2_IRQHandler
                0x0000000008000188                TIM8_CC_IRQHandler
                0x0000000008000188                TIM1_CC_IRQHandler
                0x0000000008000188                DMA2_Stream5_IRQHandler
                0x0000000008000188                DMA1_Stream5_IRQHandler
                0x0000000008000188                PVD_IRQHandler
                0x0000000008000188                SDIO_IRQHandler
                0x0000000008000188                TAMP_STAMP_IRQHandler
                0x0000000008000188                CAN2_RX1_IRQHandler
                0x0000000008000188                EXTI3_IRQHandler
                0x0000000008000188                TIM8_TRG_COM_TIM14_IRQHandler
                0x0000000008000188                TIM1_UP_TIM10_IRQHandler
                0x0000000008000188                TIM8_UP_TIM13_IRQHandler
                0x0000000008000188                I2C3_ER_IRQHandler
                0x0000000008000188                EXTI0_IRQHandler
                0x0000000008000188                I2C2_EV_IRQHandler
                0x0000000008000188                DMA1_Stream2_IRQHandler
                0x0000000008000188                CAN1_RX0_IRQHandler
                0x0000000008000188                FPU_IRQHandler
                0x0000000008000188                OTG_HS_WKUP_IRQHandler
                0x0000000008000188                CAN2_SCE_IRQHandler
                0x0000000008000188                DMA2_Stream2_IRQHandler
                0x0000000008000188                SPI1_IRQHandler
                0x0000000008000188                TIM6_DAC_IRQHandler
                0x0000000008000188                TIM1_BRK_TIM9_IRQHandler
                0x0000000008000188                DCMI_IRQHandler
                0x0000000008000188                CAN2_RX0_IRQHandler
                0x0000000008000188                DMA2_Stream3_IRQHandler
                0x0000000008000188                USART6_IRQHandler
                0x0000000008000188                USART3_IRQHandler
                0x0000000008000188                CAN1_RX1_IRQHandler
                0x0000000008000188                UART5_IRQHandler
                0x0000000008000188                DMA2_Stream0_IRQHandler
                0x0000000008000188                TIM4_IRQHandler
                0x0000000008000188                I2C1_EV_IRQHandler
                0x0000000008000188                DMA1_Stream6_IRQHandler
                0x0000000008000188                DMA1_Stream1_IRQHandler
                0x0000000008000188                UART4_IRQHandler
                0x0000000008000188                TIM3_IRQHandler
                0x0000000008000188                RCC_IRQHandler
                0x0000000008000188                TIM8_BRK_TIM12_IRQHandler
                0x0000000008000188                Default_Handler
                0x0000000008000188                EXTI15_10_IRQHandler
                0x0000000008000188                ADC_IRQHandler
                0x0000000008000188                DMA1_Stream7_IRQHandler
                0x0000000008000188                TIM7_IRQHandler
                0x0000000008000188                CAN2_TX_IRQHandler
                0x0000000008000188                TIM5_IRQHandler
                0x0000000008000188                DMA2_Stream7_IRQHandler
                0x0000000008000188                I2C3_EV_IRQHandler
                0x0000000008000188                EXTI9_5_IRQHandler
                0x0000000008000188                RTC_WKUP_IRQHandler
                0x0000000008000188                ETH_WKUP_IRQHandler
                0x0000000008000188                SPI2_IRQHandler
                0x0000000008000188                OTG_HS_EP1_IN_IRQHandler
                0x0000000008000188                DMA1_Stream0_IRQHandler
                0x0000000008000188                CAN1_TX_IRQHandler
                0x0000000008000188                EXTI4_IRQHandler
                0x0000000008000188                ETH_IRQHandler
                0x0000000008000188                OTG_HS_EP1_OUT_IRQHandler
                0x0000000008000188                WWDG_IRQHandler
                0x0000000008000188                TIM2_IRQHandler
                0x0000000008000188                OTG_FS_WKUP_IRQHandler
                0x0000000008000188                TIM1_TRG_COM_TIM11_IRQHandler
                0x0000000008000188                OTG_HS_IRQHandler
                0x0000000008000188                EXTI1_IRQHandler
                0x0000000008000188                USART2_IRQHandler
                0x0000000008000188                I2C2_ER_IRQHandler
                0x0000000008000188                DMA2_Stream1_IRQHandler
                0x0000000008000188                CAN1_SCE_IRQHandler
                0x0000000008000188                FLASH_IRQHandler
                0x0000000008000188                DMA2_Stream4_IRQHandler
                0x0000000008000188                USART1_IRQHandler
                0x0000000008000188                OTG_FS_IRQHandler
                0x0000000008000188                SPI3_IRQHandler
                0x0000000008000188                DMA1_Stream4_IRQHandler
                0x0000000008000188                I2C1_ER_IRQHandler
                0x0000000008000188                FMC_IRQHandler
                0x0000000008000188                DMA2_Stream6_IRQHandler
                0x0000000008000188                DMA1_Stream3_IRQHandler
 .after_vectors
                0x000000000800018c      0x12c system\src\cortexm\exception-handlers.o
                0x000000000800018c                Reset_Handler
                0x0000000008000192                NMI_Handler
                0x0000000008000196                HardFault_Handler
                0x00000000080001aa                HardFault_Handler_C
                0x0000000008000208                MemManage_Handler
                0x000000000800020c                BusFault_Handler
                0x0000000008000220                BusFault_Handler_C
                0x0000000008000254                UsageFault_Handler
                0x0000000008000268                UsageFault_Handler_C
                0x00000000080002a0                DebugMon_Handler
 .after_vectors
                0x00000000080002b8      0x130 system\src\newlib\startup.o
                0x00000000080002b8                _start

.inits          0x00000000080003e8       0x28
                0x00000000080003e8                __data_regions_array_start = .
                0x00000000080003e8        0x4 LONG 0x8004cd0 LOADADDR (.data)
                0x00000000080003ec        0x4 LONG 0x20000000 ADDR (.data)
                0x00000000080003f0        0x4 LONG 0x20000074 (ADDR (.data) + SIZEOF (.data))
                0x00000000080003f4        0x4 LONG 0x8004cd0 LOADADDR (.data_CCMRAM)
                0x00000000080003f8        0x4 LONG 0x10000000 ADDR (.data_CCMRAM)
                0x00000000080003fc        0x4 LONG 0x10000000 (ADDR (.data_CCMRAM) + SIZEOF (.data_CCMRAM))
                0x0000000008000400                __data_regions_array_end = .
                0x0000000008000400                __bss_regions_array_start = .
                0x0000000008000400        0x4 LONG 0x20000074 ADDR (.bss)
                0x0000000008000404        0x4 LONG 0x20013140 (ADDR (.bss) + SIZEOF (.bss))
                0x0000000008000408        0x4 LONG 0x10000000 ADDR (.bss_CCMRAM)
                0x000000000800040c        0x4 LONG 0x10000000 (ADDR (.bss_CCMRAM) + SIZEOF (.bss_CCMRAM))
                0x0000000008000410                __bss_regions_array_end = .
 *(.init)
 *(.fini)
                0x0000000008000410                . = ALIGN (0x4)
                0x0000000008000410                PROVIDE (__preinit_array_start = .)
 *(.preinit_array_sysinit .preinit_array_sysinit.*)
 *(.preinit_array_platform .preinit_array_platform.*)
 *(.preinit_array .preinit_array.*)
                0x0000000008000410                PROVIDE (__preinit_array_end = .)
                0x0000000008000410                . = ALIGN (0x4)
                0x0000000008000410                PROVIDE (__init_array_start = .)
 *(SORT_BY_NAME(.init_array.*))
 *(.init_array)
                0x0000000008000410                PROVIDE (__init_array_end = .)
                0x0000000008000410                . = ALIGN (0x4)
                0x0000000008000410                PROVIDE (__fini_array_start = .)
 *(SORT_BY_NAME(.fini_array.*))
 *(.fini_array)
                0x0000000008000410                PROVIDE (__fini_array_end = .)

.flashtext
 *(.flashtext .flashtext.*)

.text           0x0000000008000410     0x48b6
 *(.text .text.*)
 .text.vListInitialise
                0x0000000008000410       0x16 FreeRTOS Source\list.o
                0x0000000008000410                vListInitialise
 .text.vListInitialiseItem
                0x0000000008000426        0x6 FreeRTOS Source\list.o
                0x0000000008000426                vListInitialiseItem
 .text.vListInsertEnd
                0x000000000800042c       0x16 FreeRTOS Source\list.o
                0x000000000800042c                vListInsertEnd
 .text.vListInsert
                0x0000000008000442       0x32 FreeRTOS Source\list.o
                0x0000000008000442                vListInsert
 .text.uxListRemove
                0x0000000008000474       0x24 FreeRTOS Source\list.o
                0x0000000008000474                uxListRemove
 .text.prvTaskExitError
                0x0000000008000498       0x34 FreeRTOS Source\portable\GCC\ARM_CM4F\port.o
 .text.prvPortStartFirstTask
                0x00000000080004cc       0x20 FreeRTOS Source\portable\GCC\ARM_CM4F\port.o
 .text.pxPortInitialiseStack
                0x00000000080004ec       0x2c FreeRTOS Source\portable\GCC\ARM_CM4F\port.o
                0x00000000080004ec                pxPortInitialiseStack
 *fill*         0x0000000008000518        0x8 
 .text.SVC_Handler
                0x0000000008000520       0x24 FreeRTOS Source\portable\GCC\ARM_CM4F\port.o
                0x0000000008000520                SVC_Handler
 .text.vPortEnterCritical
                0x0000000008000544       0x44 FreeRTOS Source\portable\GCC\ARM_CM4F\port.o
                0x0000000008000544                vPortEnterCritical
 .text.vPortExitCritical
                0x0000000008000588       0x2c FreeRTOS Source\portable\GCC\ARM_CM4F\port.o
                0x0000000008000588                vPortExitCritical
 *fill*         0x00000000080005b4        0xc 
 .text.PendSV_Handler
                0x00000000080005c0       0x64 FreeRTOS Source\portable\GCC\ARM_CM4F\port.o
                0x00000000080005c0                PendSV_Handler
 .text.SysTick_Handler
                0x0000000008000624       0x2c FreeRTOS Source\portable\GCC\ARM_CM4F\port.o
                0x0000000008000624                SysTick_Handler
 .text.vPortSetupTimerInterrupt
                0x0000000008000650       0x24 FreeRTOS Source\portable\GCC\ARM_CM4F\port.o
                0x0000000008000650                vPortSetupTimerInterrupt
 .text.xPortStartScheduler
                0x0000000008000674       0xf4 FreeRTOS Source\portable\GCC\ARM_CM4F\port.o
                0x0000000008000674                xPortStartScheduler
 .text.vPortValidateInterruptPriority
                0x0000000008000768       0x5c FreeRTOS Source\portable\GCC\ARM_CM4F\port.o
                0x0000000008000768                vPortValidateInterruptPriority
 .text.prvHeapInit
                0x00000000080007c4       0x64 FreeRTOS Source\portable\MemMang\heap_4.o
 .text.prvInsertBlockIntoFreeList
                0x0000000008000828       0x64 FreeRTOS Source\portable\MemMang\heap_4.o
 .text.pvPortMalloc
                0x000000000800088c      0x10c FreeRTOS Source\portable\MemMang\heap_4.o
                0x000000000800088c                pvPortMalloc
 .text.vPortFree
                0x0000000008000998       0x70 FreeRTOS Source\portable\MemMang\heap_4.o
                0x0000000008000998                vPortFree
 .text.xPortGetFreeHeapSize
                0x0000000008000a08        0xc FreeRTOS Source\portable\MemMang\heap_4.o
                0x0000000008000a08                xPortGetFreeHeapSize
 .text.prvIsQueueFull
                0x0000000008000a14       0x1e FreeRTOS Source\queue.o
 .text.prvIsQueueEmpty
                0x0000000008000a32       0x1a FreeRTOS Source\queue.o
 .text.prvCopyDataToQueue
                0x0000000008000a4c       0x76 FreeRTOS Source\queue.o
 .text.prvCopyDataFromQueue
                0x0000000008000ac2       0x24 FreeRTOS Source\queue.o
 .text.prvUnlockQueue
                0x0000000008000ae6       0x6e FreeRTOS Source\queue.o
 .text.xQueueGenericReset
                0x0000000008000b54       0x84 FreeRTOS Source\queue.o
                0x0000000008000b54                xQueueGenericReset
 .text.prvInitialiseNewQueue
                0x0000000008000bd8       0x22 FreeRTOS Source\queue.o
 .text.xQueueGenericCreate
                0x0000000008000bfa       0x48 FreeRTOS Source\queue.o
                0x0000000008000bfa                xQueueGenericCreate
 .text.xQueueGenericSend
                0x0000000008000c42      0x188 FreeRTOS Source\queue.o
                0x0000000008000c42                xQueueGenericSend
 .text.xQueueGenericSendFromISR
                0x0000000008000dca       0xcc FreeRTOS Source\queue.o
                0x0000000008000dca                xQueueGenericSendFromISR
 .text.xQueueGenericReceive
                0x0000000008000e96      0x1ba FreeRTOS Source\queue.o
                0x0000000008000e96                xQueueGenericReceive
 .text.vQueueAddToRegistry
                0x0000000008001050       0x28 FreeRTOS Source\queue.o
                0x0000000008001050                vQueueAddToRegistry
 .text.vQueueWaitForMessageRestricted
                0x0000000008001078       0x52 FreeRTOS Source\queue.o
                0x0000000008001078                vQueueWaitForMessageRestricted
 *fill*         0x00000000080010ca        0x2 
 .text.prvResetNextTaskUnblockTime
                0x00000000080010cc       0x2c FreeRTOS Source\tasks.o
 .text.prvDeleteTCB
                0x00000000080010f8       0x12 FreeRTOS Source\tasks.o
 .text.prvInitialiseNewTask
                0x000000000800110a       0x98 FreeRTOS Source\tasks.o
 *fill*         0x00000000080011a2        0x2 
 .text.prvInitialiseTaskLists
                0x00000000080011a4       0x68 FreeRTOS Source\tasks.o
 .text.prvAddNewTaskToReadyList
                0x000000000800120c       0xac FreeRTOS Source\tasks.o
 .text.prvAddCurrentTaskToDelayedList
                0x00000000080012b8       0x98 FreeRTOS Source\tasks.o
 .text.xTaskCreate
                0x0000000008001350       0x60 FreeRTOS Source\tasks.o
                0x0000000008001350                xTaskCreate
 .text.vTaskStartScheduler
                0x00000000080013b0       0x84 FreeRTOS Source\tasks.o
                0x00000000080013b0                vTaskStartScheduler
 .text.vTaskSuspendAll
                0x0000000008001434       0x10 FreeRTOS Source\tasks.o
                0x0000000008001434                vTaskSuspendAll
 .text.xTaskGetTickCount
                0x0000000008001444        0xc FreeRTOS Source\tasks.o
                0x0000000008001444                xTaskGetTickCount
 .text.xTaskIncrementTick
                0x0000000008001450      0x128 FreeRTOS Source\tasks.o
                0x0000000008001450                xTaskIncrementTick
 .text.xTaskResumeAll
                0x0000000008001578       0xf8 FreeRTOS Source\tasks.o
                0x0000000008001578                xTaskResumeAll
 .text.vTaskDelay
                0x0000000008001670       0x4c FreeRTOS Source\tasks.o
                0x0000000008001670                vTaskDelay
 .text.prvCheckTasksWaitingTermination
                0x00000000080016bc       0x5c FreeRTOS Source\tasks.o
 .text.prvIdleTask
                0x0000000008001718       0x30 FreeRTOS Source\tasks.o
 .text.vTaskSwitchContext
                0x0000000008001748       0xcc FreeRTOS Source\tasks.o
                0x0000000008001748                vTaskSwitchContext
 .text.vTaskPlaceOnEventList
                0x0000000008001814       0x30 FreeRTOS Source\tasks.o
                0x0000000008001814                vTaskPlaceOnEventList
 .text.vTaskPlaceOnEventListRestricted
                0x0000000008001844       0x38 FreeRTOS Source\tasks.o
                0x0000000008001844                vTaskPlaceOnEventListRestricted
 .text.xTaskRemoveFromEventList
                0x000000000800187c       0x8c FreeRTOS Source\tasks.o
                0x000000000800187c                xTaskRemoveFromEventList
 .text.vTaskSetTimeOutState
                0x0000000008001908       0x2c FreeRTOS Source\tasks.o
                0x0000000008001908                vTaskSetTimeOutState
 .text.xTaskCheckForTimeOut
                0x0000000008001934       0x80 FreeRTOS Source\tasks.o
                0x0000000008001934                xTaskCheckForTimeOut
 .text.vTaskMissedYield
                0x00000000080019b4        0xc FreeRTOS Source\tasks.o
                0x00000000080019b4                vTaskMissedYield
 .text.xTaskGetSchedulerState
                0x00000000080019c0       0x20 FreeRTOS Source\tasks.o
                0x00000000080019c0                xTaskGetSchedulerState
 .text.vTaskPriorityInherit
                0x00000000080019e0       0xa0 FreeRTOS Source\tasks.o
                0x00000000080019e0                vTaskPriorityInherit
 .text.xTaskPriorityDisinherit
                0x0000000008001a80       0xb0 FreeRTOS Source\tasks.o
                0x0000000008001a80                xTaskPriorityDisinherit
 .text.pvTaskIncrementMutexHeldCount
                0x0000000008001b30       0x1c FreeRTOS Source\tasks.o
                0x0000000008001b30                pvTaskIncrementMutexHeldCount
 .text.prvGetNextExpireTime
                0x0000000008001b4c       0x20 FreeRTOS Source\timers.o
 .text.prvInsertTimerInActiveList
                0x0000000008001b6c       0x48 FreeRTOS Source\timers.o
 .text.prvCheckForValidListAndQueue
                0x0000000008001bb4       0x5c FreeRTOS Source\timers.o
 .text.xTimerCreateTimerTask
                0x0000000008001c10       0x50 FreeRTOS Source\timers.o
                0x0000000008001c10                xTimerCreateTimerTask
 .text.xTimerGenericCommand
                0x0000000008001c60       0x6c FreeRTOS Source\timers.o
                0x0000000008001c60                xTimerGenericCommand
 .text.prvSwitchTimerLists
                0x0000000008001ccc       0x78 FreeRTOS Source\timers.o
 .text.prvSampleTimeNow
                0x0000000008001d44       0x2c FreeRTOS Source\timers.o
 .text.prvProcessExpiredTimer
                0x0000000008001d70       0x60 FreeRTOS Source\timers.o
 .text.prvProcessTimerOrBlockTask
                0x0000000008001dd0       0x70 FreeRTOS Source\timers.o
 .text.prvProcessReceivedCommands
                0x0000000008001e40       0xe0 FreeRTOS Source\timers.o
 .text.prvTimerTask
                0x0000000008001f20       0x16 FreeRTOS Source\timers.o
 *fill*         0x0000000008001f36        0x2 
 .text.SystemClock_Config
                0x0000000008001f38       0xa0 src\initialize-hardware.o
                0x0000000008001f38                SystemClock_Config
 .text.__initialize_hardware
                0x0000000008001fd8       0x10 src\initialize-hardware.o
                0x0000000008001fd8                __initialize_hardware
 .text.assert_failed
                0x0000000008001fe8       0x14 src\initialize-hardware.o
                0x0000000008001fe8                assert_failed
 .text.SenderTask
                0x0000000008001ffc       0x74 src\main.o
                0x0000000008001ffc                SenderTask
 .text.ReceiverTask
                0x0000000008002070       0x38 src\main.o
                0x0000000008002070                ReceiverTask
 .text.main     0x00000000080020a8       0x9c src\main.o
                0x00000000080020a8                main
 .text.vApplicationMallocFailedHook
                0x0000000008002144        0x2 src\main.o
                0x0000000008002144                vApplicationMallocFailedHook
 .text.vApplicationStackOverflowHook
                0x0000000008002146        0x2 src\main.o
                0x0000000008002146                vApplicationStackOverflowHook
 .text.vApplicationIdleHook
                0x0000000008002148       0x12 src\main.o
                0x0000000008002148                vApplicationIdleHook
 .text.vApplicationTickHook
                0x000000000800215a        0x2 src\main.o
                0x000000000800215a                vApplicationTickHook
 .text.HAL_MspInit
                0x000000000800215c        0x2 src\stm32f4xx_hal_msp.o
                0x000000000800215c                HAL_MspInit
 *fill*         0x000000000800215e        0x2 
 .text.SystemInit
                0x0000000008002160       0x10 system\src\cmsis\system_stm32f4xx.o
                0x0000000008002160                SystemInit
 .text.SystemCoreClockUpdate
                0x0000000008002170       0xa0 system\src\cmsis\system_stm32f4xx.o
                0x0000000008002170                SystemCoreClockUpdate
 .text.__NVIC_SystemReset
                0x0000000008002210       0x24 system\src\cortexm\exception-handlers.o
 .text.dumpExceptionStack
                0x0000000008002234       0xf4 system\src\cortexm\exception-handlers.o
                0x0000000008002234                dumpExceptionStack
 .text.isSemihosting
                0x0000000008002328       0xe0 system\src\cortexm\exception-handlers.o
                0x0000000008002328                isSemihosting
 .text.__initialize_hardware_early
                0x0000000008002408       0x18 system\src\cortexm\initialize-hardware.o
                0x0000000008002408                __initialize_hardware_early
 .text._trace_write_semihosting_debug
                0x0000000008002420       0x62 system\src\diag\trace-impl.o
 .text.trace_write
                0x0000000008002482        0x8 system\src\diag\trace-impl.o
                0x0000000008002482                trace_write
 *fill*         0x000000000800248a        0x2 
 .text.trace_printf
                0x000000000800248c       0x34 system\src\diag\trace.o
                0x000000000800248c                trace_printf
 .text.trace_puts
                0x00000000080024c0       0x20 system\src\diag\trace.o
                0x00000000080024c0                trace_puts
 .text._sbrk    0x00000000080024e0       0x44 system\src\newlib\sbrk.o
                0x00000000080024e0                _sbrk
 .text.findslot
                0x0000000008002524       0x24 system\src\newlib\syscalls.o
 .text.get_errno
                0x0000000008002548       0x12 system\src\newlib\syscalls.o
 .text.error    0x000000000800255a       0x14 system\src\newlib\syscalls.o
 .text.checkerror
                0x000000000800256e       0x10 system\src\newlib\syscalls.o
 *fill*         0x000000000800257e        0x2 
 .text._exit    0x0000000008002580       0x20 system\src\newlib\syscalls.o
                0x0000000008002580                _exit
 .text.initialise_monitor_handles
                0x00000000080025a0       0xa8 system\src\newlib\syscalls.o
                0x00000000080025a0                initialise_monitor_handles
 .text.__initialize_args
                0x0000000008002648       0xc0 system\src\newlib\syscalls.o
                0x0000000008002648                __initialize_args
 .text._swiread
                0x0000000008002708       0x20 system\src\newlib\syscalls.o
                0x0000000008002708                _swiread
 .text._read    0x0000000008002728       0x36 system\src\newlib\syscalls.o
                0x0000000008002728                _read
 .text._swilseek
                0x000000000800275e       0x96 system\src\newlib\syscalls.o
                0x000000000800275e                _swilseek
 .text._lseek   0x00000000080027f4        0x8 system\src\newlib\syscalls.o
                0x00000000080027f4                _lseek
 .text._swiwrite
                0x00000000080027fc       0x20 system\src\newlib\syscalls.o
                0x00000000080027fc                _swiwrite
 .text._write   0x000000000800281c       0x46 system\src\newlib\syscalls.o
                0x000000000800281c                _write
 .text._swiclose
                0x0000000008002862       0x1c system\src\newlib\syscalls.o
                0x0000000008002862                _swiclose
 *fill*         0x000000000800287e        0x2 
 .text._close   0x0000000008002880       0x48 system\src\newlib\syscalls.o
                0x0000000008002880                _close
 .text._swistat
                0x00000000080028c8       0x44 system\src\newlib\syscalls.o
                0x00000000080028c8                _swistat
 .text._fstat   0x000000000800290c       0x1a system\src\newlib\syscalls.o
                0x000000000800290c                _fstat
 .text._isatty  0x0000000008002926       0x36 system\src\newlib\syscalls.o
                0x0000000008002926                _isatty
 .text.HAL_InitTick
                0x000000000800295c       0x4c system\src\stm32f4-hal\stm32f4xx_hal.o
                0x000000000800295c                HAL_InitTick
 .text.HAL_Init
                0x00000000080029a8       0x34 system\src\stm32f4-hal\stm32f4xx_hal.o
                0x00000000080029a8                HAL_Init
 .text.HAL_GetTick
                0x00000000080029dc        0xc system\src\stm32f4-hal\stm32f4xx_hal.o
                0x00000000080029dc                HAL_GetTick
 .text.__NVIC_SetPriority
                0x00000000080029e8       0x28 system\src\stm32f4-hal\stm32f4xx_hal_cortex.o
 .text.NVIC_EncodePriority
                0x0000000008002a10       0x3e system\src\stm32f4-hal\stm32f4xx_hal_cortex.o
 *fill*         0x0000000008002a4e        0x2 
 .text.HAL_NVIC_SetPriorityGrouping
                0x0000000008002a50       0x3c system\src\stm32f4-hal\stm32f4xx_hal_cortex.o
                0x0000000008002a50                HAL_NVIC_SetPriorityGrouping
 .text.HAL_NVIC_SetPriority
                0x0000000008002a8c       0x48 system\src\stm32f4-hal\stm32f4xx_hal_cortex.o
                0x0000000008002a8c                HAL_NVIC_SetPriority
 .text.HAL_SYSTICK_Config
                0x0000000008002ad4       0x28 system\src\stm32f4-hal\stm32f4xx_hal_cortex.o
                0x0000000008002ad4                HAL_SYSTICK_Config
 .text.HAL_SYSTICK_CLKSourceConfig
                0x0000000008002afc       0x34 system\src\stm32f4-hal\stm32f4xx_hal_cortex.o
                0x0000000008002afc                HAL_SYSTICK_CLKSourceConfig
 .text.HAL_RCC_OscConfig
                0x0000000008002b30      0x4f8 system\src\stm32f4-hal\stm32f4xx_hal_rcc.o
                0x0000000008002b30                HAL_RCC_OscConfig
 .text.HAL_RCC_GetSysClockFreq
                0x0000000008003028       0xdc system\src\stm32f4-hal\stm32f4xx_hal_rcc.o
                0x0000000008003028                HAL_RCC_GetSysClockFreq
 .text.HAL_RCC_ClockConfig
                0x0000000008003104      0x224 system\src\stm32f4-hal\stm32f4xx_hal_rcc.o
                0x0000000008003104                HAL_RCC_ClockConfig
 .text.HAL_RCC_GetHCLKFreq
                0x0000000008003328        0xc system\src\stm32f4-hal\stm32f4xx_hal_rcc.o
                0x0000000008003328                HAL_RCC_GetHCLKFreq
 .text          0x0000000008003334       0x30 c:/users/20109/appdata/roaming/xpacks/@xpack-dev-tools/arm-none-eabi-gcc/12.2.1-1.2.1/.content/bin/../lib/gcc/arm-none-eabi/12.2.1/thumb/v7e-m+fp/softfp\libgcc.a(_aeabi_uldivmod.o)
                0x0000000008003334                __aeabi_uldivmod
 .text.__udivmoddi4
                0x0000000008003364      0x2bc c:/users/20109/appdata/roaming/xpacks/@xpack-dev-tools/arm-none-eabi-gcc/12.2.1-1.2.1/.content/bin/../lib/gcc/arm-none-eabi/12.2.1/thumb/v7e-m+fp/softfp\libgcc.a(_udivmoddi4.o)
                0x0000000008003364                __udivmoddi4
 .text          0x0000000008003620        0x4 c:/users/20109/appdata/roaming/xpacks/@xpack-dev-tools/arm-none-eabi-gcc/12.2.1-1.2.1/.content/bin/../lib/gcc/arm-none-eabi/12.2.1/thumb/v7e-m+fp/softfp\libgcc.a(_dvmd_tls.o)
                0x0000000008003620                __aeabi_idiv0
                0x0000000008003620                __aeabi_ldiv0
 .text.printf   0x0000000008003624       0x24 c:/users/20109/appdata/roaming/xpacks/@xpack-dev-tools/arm-none-eabi-gcc/12.2.1-1.2.1/.content/bin/../lib/gcc/arm-none-eabi/12.2.1/../../../../arm-none-eabi/lib/thumb/v7e-m+fp/softfp\libg_nano.a(libc_a-printf.o)
                0x0000000008003624                iprintf
                0x0000000008003624                printf
 .text._vsnprintf_r
                0x0000000008003648       0x56 c:/users/20109/appdata/roaming/xpacks/@xpack-dev-tools/arm-none-eabi-gcc/12.2.1-1.2.1/.content/bin/../lib/gcc/arm-none-eabi/12.2.1/../../../../arm-none-eabi/lib/thumb/v7e-m+fp/softfp\libg_nano.a(libc_a-vsnprintf.o)
                0x0000000008003648                _vsniprintf_r
                0x0000000008003648                _vsnprintf_r
 *fill*         0x000000000800369e        0x2 
 .text.vsnprintf
                0x00000000080036a0       0x1c c:/users/20109/appdata/roaming/xpacks/@xpack-dev-tools/arm-none-eabi-gcc/12.2.1-1.2.1/.content/bin/../lib/gcc/arm-none-eabi/12.2.1/../../../../arm-none-eabi/lib/thumb/v7e-m+fp/softfp\libg_nano.a(libc_a-vsnprintf.o)
                0x00000000080036a0                vsniprintf
                0x00000000080036a0                vsnprintf
 .text.memset   0x00000000080036bc       0x10 c:/users/20109/appdata/roaming/xpacks/@xpack-dev-tools/arm-none-eabi-gcc/12.2.1-1.2.1/.content/bin/../lib/gcc/arm-none-eabi/12.2.1/../../../../arm-none-eabi/lib/thumb/v7e-m+fp/softfp\libg_nano.a(libc_a-memset.o)
                0x00000000080036bc                memset
 .text.__errno  0x00000000080036cc        0xc c:/users/20109/appdata/roaming/xpacks/@xpack-dev-tools/arm-none-eabi-gcc/12.2.1-1.2.1/.content/bin/../lib/gcc/arm-none-eabi/12.2.1/../../../../arm-none-eabi/lib/thumb/v7e-m+fp/softfp\libg_nano.a(libc_a-errno.o)
                0x00000000080036cc                __errno
 .text          0x00000000080036d8       0x14 c:/users/20109/appdata/roaming/xpacks/@xpack-dev-tools/arm-none-eabi-gcc/12.2.1-1.2.1/.content/bin/../lib/gcc/arm-none-eabi/12.2.1/../../../../arm-none-eabi/lib/thumb/v7e-m+fp/softfp\libg_nano.a(libc_a-strcmp.o)
                0x00000000080036d8                strcmp
 .text.memcpy   0x00000000080036ec       0x1c c:/users/20109/appdata/roaming/xpacks/@xpack-dev-tools/arm-none-eabi-gcc/12.2.1-1.2.1/.content/bin/../lib/gcc/arm-none-eabi/12.2.1/../../../../arm-none-eabi/lib/thumb/v7e-m+fp/softfp\libg_nano.a(libc_a-memcpy-stub.o)
                0x00000000080036ec                memcpy
 .text          0x0000000008003708       0x10 c:/users/20109/appdata/roaming/xpacks/@xpack-dev-tools/arm-none-eabi-gcc/12.2.1-1.2.1/.content/bin/../lib/gcc/arm-none-eabi/12.2.1/../../../../arm-none-eabi/lib/thumb/v7e-m+fp/softfp\libg_nano.a(libc_a-strlen.o)
                0x0000000008003708                strlen
 .text.__ssputs_r
                0x0000000008003718       0xb6 c:/users/20109/appdata/roaming/xpacks/@xpack-dev-tools/arm-none-eabi-gcc/12.2.1-1.2.1/.content/bin/../lib/gcc/arm-none-eabi/12.2.1/../../../../arm-none-eabi/lib/thumb/v7e-m+fp/softfp\libg_nano.a(libc_a-nano-svfprintf.o)
                0x0000000008003718                __ssputs_r
 *fill*         0x00000000080037ce        0x2 
 .text._svfprintf_r
                0x00000000080037d0      0x1f8 c:/users/20109/appdata/roaming/xpacks/@xpack-dev-tools/arm-none-eabi-gcc/12.2.1-1.2.1/.content/bin/../lib/gcc/arm-none-eabi/12.2.1/../../../../arm-none-eabi/lib/thumb/v7e-m+fp/softfp\libg_nano.a(libc_a-nano-svfprintf.o)
                0x00000000080037d0                _svfiprintf_r
                0x00000000080037d0                _svfprintf_r
 .text.__sfputc_r
                0x00000000080039c8       0x2e c:/users/20109/appdata/roaming/xpacks/@xpack-dev-tools/arm-none-eabi-gcc/12.2.1-1.2.1/.content/bin/../lib/gcc/arm-none-eabi/12.2.1/../../../../arm-none-eabi/lib/thumb/v7e-m+fp/softfp\libg_nano.a(libc_a-nano-vfprintf.o)
 .text.__sfputs_r
                0x00000000080039f6       0x24 c:/users/20109/appdata/roaming/xpacks/@xpack-dev-tools/arm-none-eabi-gcc/12.2.1-1.2.1/.content/bin/../lib/gcc/arm-none-eabi/12.2.1/../../../../arm-none-eabi/lib/thumb/v7e-m+fp/softfp\libg_nano.a(libc_a-nano-vfprintf.o)
                0x00000000080039f6                __sfputs_r
 *fill*         0x0000000008003a1a        0x2 
 .text._vfprintf_r
                0x0000000008003a1c      0x230 c:/users/20109/appdata/roaming/xpacks/@xpack-dev-tools/arm-none-eabi-gcc/12.2.1-1.2.1/.content/bin/../lib/gcc/arm-none-eabi/12.2.1/../../../../arm-none-eabi/lib/thumb/v7e-m+fp/softfp\libg_nano.a(libc_a-nano-vfprintf.o)
                0x0000000008003a1c                _vfprintf_r
                0x0000000008003a1c                _vfiprintf_r
 .text._printf_common
                0x0000000008003c4c       0xda c:/users/20109/appdata/roaming/xpacks/@xpack-dev-tools/arm-none-eabi-gcc/12.2.1-1.2.1/.content/bin/../lib/gcc/arm-none-eabi/12.2.1/../../../../arm-none-eabi/lib/thumb/v7e-m+fp/softfp\libg_nano.a(libc_a-nano-vfprintf_i.o)
                0x0000000008003c4c                _printf_common
 *fill*         0x0000000008003d26        0x2 
 .text._printf_i
                0x0000000008003d28      0x258 c:/users/20109/appdata/roaming/xpacks/@xpack-dev-tools/arm-none-eabi-gcc/12.2.1-1.2.1/.content/bin/../lib/gcc/arm-none-eabi/12.2.1/../../../../arm-none-eabi/lib/thumb/v7e-m+fp/softfp\libg_nano.a(libc_a-nano-vfprintf_i.o)
                0x0000000008003d28                _printf_i
 .text.std      0x0000000008003f80       0x6c c:/users/20109/appdata/roaming/xpacks/@xpack-dev-tools/arm-none-eabi-gcc/12.2.1-1.2.1/.content/bin/../lib/gcc/arm-none-eabi/12.2.1/../../../../arm-none-eabi/lib/thumb/v7e-m+fp/softfp\libg_nano.a(libc_a-findfp.o)
 .text.stdio_exit_handler
                0x0000000008003fec       0x18 c:/users/20109/appdata/roaming/xpacks/@xpack-dev-tools/arm-none-eabi-gcc/12.2.1-1.2.1/.content/bin/../lib/gcc/arm-none-eabi/12.2.1/../../../../arm-none-eabi/lib/thumb/v7e-m+fp/softfp\libg_nano.a(libc_a-findfp.o)
 .text.cleanup_stdio
                0x0000000008004004       0x40 c:/users/20109/appdata/roaming/xpacks/@xpack-dev-tools/arm-none-eabi-gcc/12.2.1-1.2.1/.content/bin/../lib/gcc/arm-none-eabi/12.2.1/../../../../arm-none-eabi/lib/thumb/v7e-m+fp/softfp\libg_nano.a(libc_a-findfp.o)
 .text.global_stdio_init.part.0
                0x0000000008004044       0x3c c:/users/20109/appdata/roaming/xpacks/@xpack-dev-tools/arm-none-eabi-gcc/12.2.1-1.2.1/.content/bin/../lib/gcc/arm-none-eabi/12.2.1/../../../../arm-none-eabi/lib/thumb/v7e-m+fp/softfp\libg_nano.a(libc_a-findfp.o)
 .text.__sfp_lock_acquire
                0x0000000008004080        0xc c:/users/20109/appdata/roaming/xpacks/@xpack-dev-tools/arm-none-eabi-gcc/12.2.1-1.2.1/.content/bin/../lib/gcc/arm-none-eabi/12.2.1/../../../../arm-none-eabi/lib/thumb/v7e-m+fp/softfp\libg_nano.a(libc_a-findfp.o)
                0x0000000008004080                __sfp_lock_acquire
 .text.__sfp_lock_release
                0x000000000800408c        0xc c:/users/20109/appdata/roaming/xpacks/@xpack-dev-tools/arm-none-eabi-gcc/12.2.1-1.2.1/.content/bin/../lib/gcc/arm-none-eabi/12.2.1/../../../../arm-none-eabi/lib/thumb/v7e-m+fp/softfp\libg_nano.a(libc_a-findfp.o)
                0x000000000800408c                __sfp_lock_release
 .text.__sinit  0x0000000008004098       0x30 c:/users/20109/appdata/roaming/xpacks/@xpack-dev-tools/arm-none-eabi-gcc/12.2.1-1.2.1/.content/bin/../lib/gcc/arm-none-eabi/12.2.1/../../../../arm-none-eabi/lib/thumb/v7e-m+fp/softfp\libg_nano.a(libc_a-findfp.o)
                0x0000000008004098                __sinit
 .text._fwalk_sglue
                0x00000000080040c8       0x3c c:/users/20109/appdata/roaming/xpacks/@xpack-dev-tools/arm-none-eabi-gcc/12.2.1-1.2.1/.content/bin/../lib/gcc/arm-none-eabi/12.2.1/../../../../arm-none-eabi/lib/thumb/v7e-m+fp/softfp\libg_nano.a(libc_a-fwalk.o)
                0x00000000080040c8                _fwalk_sglue
 .text.__sread  0x0000000008004104       0x22 c:/users/20109/appdata/roaming/xpacks/@xpack-dev-tools/arm-none-eabi-gcc/12.2.1-1.2.1/.content/bin/../lib/gcc/arm-none-eabi/12.2.1/../../../../arm-none-eabi/lib/thumb/v7e-m+fp/softfp\libg_nano.a(libc_a-stdio.o)
                0x0000000008004104                __sread
 .text.__swrite
                0x0000000008004126       0x38 c:/users/20109/appdata/roaming/xpacks/@xpack-dev-tools/arm-none-eabi-gcc/12.2.1-1.2.1/.content/bin/../lib/gcc/arm-none-eabi/12.2.1/../../../../arm-none-eabi/lib/thumb/v7e-m+fp/softfp\libg_nano.a(libc_a-stdio.o)
                0x0000000008004126                __swrite
 .text.__sseek  0x000000000800415e       0x24 c:/users/20109/appdata/roaming/xpacks/@xpack-dev-tools/arm-none-eabi-gcc/12.2.1-1.2.1/.content/bin/../lib/gcc/arm-none-eabi/12.2.1/../../../../arm-none-eabi/lib/thumb/v7e-m+fp/softfp\libg_nano.a(libc_a-stdio.o)
                0x000000000800415e                __sseek
 .text.__sclose
                0x0000000008004182        0x8 c:/users/20109/appdata/roaming/xpacks/@xpack-dev-tools/arm-none-eabi-gcc/12.2.1-1.2.1/.content/bin/../lib/gcc/arm-none-eabi/12.2.1/../../../../arm-none-eabi/lib/thumb/v7e-m+fp/softfp\libg_nano.a(libc_a-stdio.o)
                0x0000000008004182                __sclose
 .text.__swbuf_r
                0x000000000800418a       0x7c c:/users/20109/appdata/roaming/xpacks/@xpack-dev-tools/arm-none-eabi-gcc/12.2.1-1.2.1/.content/bin/../lib/gcc/arm-none-eabi/12.2.1/../../../../arm-none-eabi/lib/thumb/v7e-m+fp/softfp\libg_nano.a(libc_a-wbuf.o)
                0x000000000800418a                __swbuf_r
 *fill*         0x0000000008004206        0x2 
 .text.__swsetup_r
                0x0000000008004208       0xac c:/users/20109/appdata/roaming/xpacks/@xpack-dev-tools/arm-none-eabi-gcc/12.2.1-1.2.1/.content/bin/../lib/gcc/arm-none-eabi/12.2.1/../../../../arm-none-eabi/lib/thumb/v7e-m+fp/softfp\libg_nano.a(libc_a-wsetup.o)
                0x0000000008004208                __swsetup_r
 .text.memmove  0x00000000080042b4       0x34 c:/users/20109/appdata/roaming/xpacks/@xpack-dev-tools/arm-none-eabi-gcc/12.2.1-1.2.1/.content/bin/../lib/gcc/arm-none-eabi/12.2.1/../../../../arm-none-eabi/lib/thumb/v7e-m+fp/softfp\libg_nano.a(libc_a-memmove.o)
                0x00000000080042b4                memmove
 .text._close_r
                0x00000000080042e8       0x20 c:/users/20109/appdata/roaming/xpacks/@xpack-dev-tools/arm-none-eabi-gcc/12.2.1-1.2.1/.content/bin/../lib/gcc/arm-none-eabi/12.2.1/../../../../arm-none-eabi/lib/thumb/v7e-m+fp/softfp\libg_nano.a(libc_a-closer.o)
                0x00000000080042e8                _close_r
 .text._lseek_r
                0x0000000008004308       0x24 c:/users/20109/appdata/roaming/xpacks/@xpack-dev-tools/arm-none-eabi-gcc/12.2.1-1.2.1/.content/bin/../lib/gcc/arm-none-eabi/12.2.1/../../../../arm-none-eabi/lib/thumb/v7e-m+fp/softfp\libg_nano.a(libc_a-lseekr.o)
                0x0000000008004308                _lseek_r
 .text._read_r  0x000000000800432c       0x24 c:/users/20109/appdata/roaming/xpacks/@xpack-dev-tools/arm-none-eabi-gcc/12.2.1-1.2.1/.content/bin/../lib/gcc/arm-none-eabi/12.2.1/../../../../arm-none-eabi/lib/thumb/v7e-m+fp/softfp\libg_nano.a(libc_a-readr.o)
                0x000000000800432c                _read_r
 .text._write_r
                0x0000000008004350       0x24 c:/users/20109/appdata/roaming/xpacks/@xpack-dev-tools/arm-none-eabi-gcc/12.2.1-1.2.1/.content/bin/../lib/gcc/arm-none-eabi/12.2.1/../../../../arm-none-eabi/lib/thumb/v7e-m+fp/softfp\libg_nano.a(libc_a-writer.o)
                0x0000000008004350                _write_r
 .text.__retarget_lock_init_recursive
                0x0000000008004374        0x2 c:/users/20109/appdata/roaming/xpacks/@xpack-dev-tools/arm-none-eabi-gcc/12.2.1-1.2.1/.content/bin/../lib/gcc/arm-none-eabi/12.2.1/../../../../arm-none-eabi/lib/thumb/v7e-m+fp/softfp\libg_nano.a(libc_a-lock.o)
                0x0000000008004374                __retarget_lock_init_recursive
 .text.__retarget_lock_acquire_recursive
                0x0000000008004376        0x2 c:/users/20109/appdata/roaming/xpacks/@xpack-dev-tools/arm-none-eabi-gcc/12.2.1-1.2.1/.content/bin/../lib/gcc/arm-none-eabi/12.2.1/../../../../arm-none-eabi/lib/thumb/v7e-m+fp/softfp\libg_nano.a(libc_a-lock.o)
                0x0000000008004376                __retarget_lock_acquire_recursive
 .text.__retarget_lock_release_recursive
                0x0000000008004378        0x2 c:/users/20109/appdata/roaming/xpacks/@xpack-dev-tools/arm-none-eabi-gcc/12.2.1-1.2.1/.content/bin/../lib/gcc/arm-none-eabi/12.2.1/../../../../arm-none-eabi/lib/thumb/v7e-m+fp/softfp\libg_nano.a(libc_a-lock.o)
                0x0000000008004378                __retarget_lock_release_recursive
 *fill*         0x000000000800437a        0x6 
 .text          0x0000000008004380       0xa0 c:/users/20109/appdata/roaming/xpacks/@xpack-dev-tools/arm-none-eabi-gcc/12.2.1-1.2.1/.content/bin/../lib/gcc/arm-none-eabi/12.2.1/../../../../arm-none-eabi/lib/thumb/v7e-m+fp/softfp\libg_nano.a(libc_a-memchr.o)
                0x0000000008004380                memchr
 .text._free_r  0x0000000008004420       0x94 c:/users/20109/appdata/roaming/xpacks/@xpack-dev-tools/arm-none-eabi-gcc/12.2.1-1.2.1/.content/bin/../lib/gcc/arm-none-eabi/12.2.1/../../../../arm-none-eabi/lib/thumb/v7e-m+fp/softfp\libg_nano.a(libc_a-freer.o)
                0x0000000008004420                _free_r
 .text.sbrk_aligned
                0x00000000080044b4       0x44 c:/users/20109/appdata/roaming/xpacks/@xpack-dev-tools/arm-none-eabi-gcc/12.2.1-1.2.1/.content/bin/../lib/gcc/arm-none-eabi/12.2.1/../../../../arm-none-eabi/lib/thumb/v7e-m+fp/softfp\libg_nano.a(libc_a-mallocr.o)
 .text._malloc_r
                0x00000000080044f8       0xf0 c:/users/20109/appdata/roaming/xpacks/@xpack-dev-tools/arm-none-eabi-gcc/12.2.1-1.2.1/.content/bin/../lib/gcc/arm-none-eabi/12.2.1/../../../../arm-none-eabi/lib/thumb/v7e-m+fp/softfp\libg_nano.a(libc_a-mallocr.o)
                0x00000000080044f8                _malloc_r
 .text.__malloc_lock
                0x00000000080045e8        0xc c:/users/20109/appdata/roaming/xpacks/@xpack-dev-tools/arm-none-eabi-gcc/12.2.1-1.2.1/.content/bin/../lib/gcc/arm-none-eabi/12.2.1/../../../../arm-none-eabi/lib/thumb/v7e-m+fp/softfp\libg_nano.a(libc_a-mlock.o)
                0x00000000080045e8                __malloc_lock
 .text.__malloc_unlock
                0x00000000080045f4        0xc c:/users/20109/appdata/roaming/xpacks/@xpack-dev-tools/arm-none-eabi-gcc/12.2.1-1.2.1/.content/bin/../lib/gcc/arm-none-eabi/12.2.1/../../../../arm-none-eabi/lib/thumb/v7e-m+fp/softfp\libg_nano.a(libc_a-mlock.o)
                0x00000000080045f4                __malloc_unlock
 .text._realloc_r
                0x0000000008004600       0x5c c:/users/20109/appdata/roaming/xpacks/@xpack-dev-tools/arm-none-eabi-gcc/12.2.1-1.2.1/.content/bin/../lib/gcc/arm-none-eabi/12.2.1/../../../../arm-none-eabi/lib/thumb/v7e-m+fp/softfp\libg_nano.a(libc_a-reallocr.o)
                0x0000000008004600                _realloc_r
 .text.__sflush_r
                0x000000000800465c      0x108 c:/users/20109/appdata/roaming/xpacks/@xpack-dev-tools/arm-none-eabi-gcc/12.2.1-1.2.1/.content/bin/../lib/gcc/arm-none-eabi/12.2.1/../../../../arm-none-eabi/lib/thumb/v7e-m+fp/softfp\libg_nano.a(libc_a-fflush.o)
                0x000000000800465c                __sflush_r
 .text._fflush_r
                0x0000000008004764       0x50 c:/users/20109/appdata/roaming/xpacks/@xpack-dev-tools/arm-none-eabi-gcc/12.2.1-1.2.1/.content/bin/../lib/gcc/arm-none-eabi/12.2.1/../../../../arm-none-eabi/lib/thumb/v7e-m+fp/softfp\libg_nano.a(libc_a-fflush.o)
                0x0000000008004764                _fflush_r
 .text.__swhatbuf_r
                0x00000000080047b4       0x4c c:/users/20109/appdata/roaming/xpacks/@xpack-dev-tools/arm-none-eabi-gcc/12.2.1-1.2.1/.content/bin/../lib/gcc/arm-none-eabi/12.2.1/../../../../arm-none-eabi/lib/thumb/v7e-m+fp/softfp\libg_nano.a(libc_a-makebuf.o)
                0x00000000080047b4                __swhatbuf_r
 .text.__smakebuf_r
                0x0000000008004800       0x78 c:/users/20109/appdata/roaming/xpacks/@xpack-dev-tools/arm-none-eabi-gcc/12.2.1-1.2.1/.content/bin/../lib/gcc/arm-none-eabi/12.2.1/../../../../arm-none-eabi/lib/thumb/v7e-m+fp/softfp\libg_nano.a(libc_a-makebuf.o)
                0x0000000008004800                __smakebuf_r
 .text._fstat_r
                0x0000000008004878       0x24 c:/users/20109/appdata/roaming/xpacks/@xpack-dev-tools/arm-none-eabi-gcc/12.2.1-1.2.1/.content/bin/../lib/gcc/arm-none-eabi/12.2.1/../../../../arm-none-eabi/lib/thumb/v7e-m+fp/softfp\libg_nano.a(libc_a-fstatr.o)
                0x0000000008004878                _fstat_r
 .text._isatty_r
                0x000000000800489c       0x20 c:/users/20109/appdata/roaming/xpacks/@xpack-dev-tools/arm-none-eabi-gcc/12.2.1-1.2.1/.content/bin/../lib/gcc/arm-none-eabi/12.2.1/../../../../arm-none-eabi/lib/thumb/v7e-m+fp/softfp\libg_nano.a(libc_a-isattyr.o)
                0x000000000800489c                _isatty_r
 .text._sbrk_r  0x00000000080048bc       0x20 c:/users/20109/appdata/roaming/xpacks/@xpack-dev-tools/arm-none-eabi-gcc/12.2.1-1.2.1/.content/bin/../lib/gcc/arm-none-eabi/12.2.1/../../../../arm-none-eabi/lib/thumb/v7e-m+fp/softfp\libg_nano.a(libc_a-sbrkr.o)
                0x00000000080048bc                _sbrk_r
 .text._malloc_usable_size_r
                0x00000000080048dc       0x10 c:/users/20109/appdata/roaming/xpacks/@xpack-dev-tools/arm-none-eabi-gcc/12.2.1-1.2.1/.content/bin/../lib/gcc/arm-none-eabi/12.2.1/../../../../arm-none-eabi/lib/thumb/v7e-m+fp/softfp\libg_nano.a(libc_a-msizer.o)
                0x00000000080048dc                _malloc_usable_size_r
 *(.rodata .rodata.* .constdata .constdata.*)
 .rodata.vTaskStartScheduler.str1.4
                0x00000000080048ec        0x5 FreeRTOS Source\tasks.o
 *fill*         0x00000000080048f1        0x3 
 .rodata.prvCheckForValidListAndQueue.str1.4
                0x00000000080048f4        0x5 FreeRTOS Source\timers.o
 *fill*         0x00000000080048f9        0x3 
 .rodata.xTimerCreateTimerTask.str1.4
                0x00000000080048fc        0x8 FreeRTOS Source\timers.o
 .rodata.assert_failed.str1.4
                0x0000000008004904       0x2d src\initialize-hardware.o
 *fill*         0x0000000008004931        0x3 
 .rodata.SenderTask.str1.4
                0x0000000008004934        0xc src\main.o
 .rodata.ReceiverTask.str1.4
                0x0000000008004940       0x1b src\main.o
 *fill*         0x000000000800495b        0x1 
 .rodata.main.str1.4
                0x000000000800495c       0x75 src\main.o
 *fill*         0x00000000080049d1        0x3 
 .rodata.AHBPrescTable
                0x00000000080049d4       0x10 system\src\cmsis\system_stm32f4xx.o
                0x00000000080049d4                AHBPrescTable
 .rodata.dumpExceptionStack.str1.4
                0x00000000080049e4      0x11a system\src\cortexm\exception-handlers.o
 *fill*         0x0000000008004afe        0x2 
 .rodata.isSemihosting.str1.4
                0x0000000008004b00        0x4 system\src\cortexm\exception-handlers.o
 .rodata.str1.4
                0x0000000008004b04       0x2a system\src\cortexm\exception-handlers.o
 .rodata.trace_puts.str1.4
                0x0000000008004b2e       0x2a system\src\diag\trace.o
                                          0x2 (size before relaxing)
 .rodata.initialise_monitor_handles.str1.4
                0x0000000008004b2e        0x4 system\src\newlib\syscalls.o
 *fill*         0x0000000008004b2e        0x2 
 .rodata.HAL_NVIC_SetPriorityGrouping.str1.4
                0x0000000008004b30       0x31 system\src\stm32f4-hal\stm32f4xx_hal_cortex.o
 *fill*         0x0000000008004b61        0x3 
 .rodata.HAL_RCC_OscConfig.str1.4
                0x0000000008004b64       0x2e system\src\stm32f4-hal\stm32f4xx_hal_rcc.o
 .rodata._ctype_
                0x0000000008004b92      0x101 c:/users/20109/appdata/roaming/xpacks/@xpack-dev-tools/arm-none-eabi-gcc/12.2.1-1.2.1/.content/bin/../lib/gcc/arm-none-eabi/12.2.1/../../../../arm-none-eabi/lib/thumb/v7e-m+fp/softfp\libg_nano.a(libc_a-ctype_.o)
                0x0000000008004b92                _ctype_
 .rodata._svfprintf_r.str1.1
                0x0000000008004c93       0x11 c:/users/20109/appdata/roaming/xpacks/@xpack-dev-tools/arm-none-eabi-gcc/12.2.1-1.2.1/.content/bin/../lib/gcc/arm-none-eabi/12.2.1/../../../../arm-none-eabi/lib/thumb/v7e-m+fp/softfp\libg_nano.a(libc_a-nano-svfprintf.o)
 .rodata._vfprintf_r.str1.1
                0x0000000008004ca4       0x11 c:/users/20109/appdata/roaming/xpacks/@xpack-dev-tools/arm-none-eabi-gcc/12.2.1-1.2.1/.content/bin/../lib/gcc/arm-none-eabi/12.2.1/../../../../arm-none-eabi/lib/thumb/v7e-m+fp/softfp\libg_nano.a(libc_a-nano-vfprintf.o)
 .rodata._printf_i.str1.1
                0x0000000008004ca4       0x22 c:/users/20109/appdata/roaming/xpacks/@xpack-dev-tools/arm-none-eabi-gcc/12.2.1-1.2.1/.content/bin/../lib/gcc/arm-none-eabi/12.2.1/../../../../arm-none-eabi/lib/thumb/v7e-m+fp/softfp\libg_nano.a(libc_a-nano-vfprintf_i.o)
 *(vtable)
 *(.eh_frame*)
 *(.glue_7)
 .glue_7        0x0000000008004cc6        0x0 linker stubs
 *(.glue_7t)
 .glue_7t       0x0000000008004cc6        0x0 linker stubs

.vfp11_veneer   0x0000000008004cc8        0x0
 .vfp11_veneer  0x0000000008004cc8        0x0 linker stubs

.v4_bx          0x0000000008004cc8        0x0
 .v4_bx         0x0000000008004cc8        0x0 linker stubs

.iplt           0x0000000008004cc8        0x0
 .iplt          0x0000000008004cc8        0x0 FreeRTOS Source\portable\GCC\ARM_CM4F\port.o

.ARM.extab
 *(.ARM.extab* .gnu.linkonce.armextab.*)
                0x0000000008004cc8                . = ALIGN (0x4)
                0x0000000008004cc8                __exidx_start = .

.ARM.exidx      0x0000000008004cc8        0x8
 *(.ARM.exidx* .gnu.linkonce.armexidx.*)
 .ARM.exidx.text.__udivmoddi4
                0x0000000008004cc8        0x8 c:/users/20109/appdata/roaming/xpacks/@xpack-dev-tools/arm-none-eabi-gcc/12.2.1-1.2.1/.content/bin/../lib/gcc/arm-none-eabi/12.2.1/thumb/v7e-m+fp/softfp\libgcc.a(_udivmoddi4.o)
                0x0000000008004cd0                __exidx_end = .

.rel.dyn        0x0000000008004cd0        0x0
 .rel.iplt      0x0000000008004cd0        0x0 FreeRTOS Source\portable\GCC\ARM_CM4F\port.o
                0x0000000008004cd0                . = ALIGN (0x4)
                0x0000000008004cd0                _etext = .
                0x0000000008004cd0                __etext = .

.data_CCMRAM    0x0000000010000000        0x0 load address 0x0000000008004cd0
 FILL mask 0xff
 *(.data.CCMRAM .data.CCMRAM.*)
                0x0000000010000000                . = ALIGN (0x4)
                0x0000000008004cd0                _sidata = LOADADDR (.data)

.data           0x0000000020000000       0x74 load address 0x0000000008004cd0
 FILL mask 0xff
                0x0000000020000000                _sdata = .
                0x0000000020000000                __data_start__ = .
 *(.data_begin .data_begin.*)
 .data_begin    0x0000000020000000        0x4 system\src\newlib\startup.o
 *(.data .data.*)
 .data.uxCriticalNesting
                0x0000000020000004        0x4 FreeRTOS Source\portable\GCC\ARM_CM4F\port.o
 .data.SystemCoreClock
                0x0000000020000008        0x4 system\src\cmsis\system_stm32f4xx.o
                0x0000000020000008                SystemCoreClock
 .data.uwTickFreq
                0x000000002000000c        0x1 system\src\stm32f4-hal\stm32f4xx_hal.o
                0x000000002000000c                uwTickFreq
 *fill*         0x000000002000000d        0x3 ff
 .data.uwTickPrio
                0x0000000020000010        0x4 system\src\stm32f4-hal\stm32f4xx_hal.o
                0x0000000020000010                uwTickPrio
 .data._impure_ptr
                0x0000000020000014        0x4 c:/users/20109/appdata/roaming/xpacks/@xpack-dev-tools/arm-none-eabi-gcc/12.2.1-1.2.1/.content/bin/../lib/gcc/arm-none-eabi/12.2.1/../../../../arm-none-eabi/lib/thumb/v7e-m+fp/softfp\libg_nano.a(libc_a-impure.o)
                0x0000000020000014                _impure_ptr
 .data._impure_data
                0x0000000020000018       0x4c c:/users/20109/appdata/roaming/xpacks/@xpack-dev-tools/arm-none-eabi-gcc/12.2.1-1.2.1/.content/bin/../lib/gcc/arm-none-eabi/12.2.1/../../../../arm-none-eabi/lib/thumb/v7e-m+fp/softfp\libg_nano.a(libc_a-impure.o)
                0x0000000020000018                _impure_data
 .data.__sglue  0x0000000020000064        0xc c:/users/20109/appdata/roaming/xpacks/@xpack-dev-tools/arm-none-eabi-gcc/12.2.1-1.2.1/.content/bin/../lib/gcc/arm-none-eabi/12.2.1/../../../../arm-none-eabi/lib/thumb/v7e-m+fp/softfp\libg_nano.a(libc_a-findfp.o)
                0x0000000020000064                __sglue
 *(.data_end .data_end.*)
 .data_end      0x0000000020000070        0x4 system\src\newlib\startup.o
                0x0000000020000074                . = ALIGN (0x4)
                0x0000000020000074                _edata = .
                0x0000000020000074                __data_end__ = .

.igot.plt       0x0000000020000074        0x0 load address 0x0000000008004d44
 .igot.plt      0x0000000020000074        0x0 FreeRTOS Source\portable\GCC\ARM_CM4F\port.o

.bss_CCMRAM     0x0000000010000000        0x0
 *(.bss.CCMRAM .bss.CCMRAM.*)

.bss            0x0000000020000074    0x130cc
                0x0000000020000074                __bss_start__ = .
                0x0000000020000074                _sbss = .
 *(.bss_begin .bss_begin.*)
 .bss_begin     0x0000000020000074        0x4 system\src\newlib\startup.o
 *(.bss .bss.*)
 .bss.ulMaxPRIGROUPValue
                0x0000000020000078        0x4 FreeRTOS Source\portable\GCC\ARM_CM4F\port.o
 .bss.ucMaxSysCallPriority
                0x000000002000007c        0x1 FreeRTOS Source\portable\GCC\ARM_CM4F\port.o
 *fill*         0x000000002000007d        0x3 
 .bss.xBlockAllocatedBit
                0x0000000020000080        0x4 FreeRTOS Source\portable\MemMang\heap_4.o
 .bss.xMinimumEverFreeBytesRemaining
                0x0000000020000084        0x4 FreeRTOS Source\portable\MemMang\heap_4.o
 .bss.xFreeBytesRemaining
                0x0000000020000088        0x4 FreeRTOS Source\portable\MemMang\heap_4.o
 .bss.pxEnd     0x000000002000008c        0x4 FreeRTOS Source\portable\MemMang\heap_4.o
 .bss.xStart    0x0000000020000090        0x8 FreeRTOS Source\portable\MemMang\heap_4.o
 .bss.ucHeap    0x0000000020000098    0x12c00 FreeRTOS Source\portable\MemMang\heap_4.o
 .bss.xQueueRegistry
                0x0000000020012c98       0x40 FreeRTOS Source\queue.o
                0x0000000020012c98                xQueueRegistry
 .bss.uxSchedulerSuspended
                0x0000000020012cd8        0x4 FreeRTOS Source\tasks.o
 .bss.xIdleTaskHandle
                0x0000000020012cdc        0x4 FreeRTOS Source\tasks.o
 .bss.xNextTaskUnblockTime
                0x0000000020012ce0        0x4 FreeRTOS Source\tasks.o
 .bss.uxTaskNumber
                0x0000000020012ce4        0x4 FreeRTOS Source\tasks.o
 .bss.xNumOfOverflows
                0x0000000020012ce8        0x4 FreeRTOS Source\tasks.o
 .bss.xYieldPending
                0x0000000020012cec        0x4 FreeRTOS Source\tasks.o
 .bss.uxPendedTicks
                0x0000000020012cf0        0x4 FreeRTOS Source\tasks.o
 .bss.xSchedulerRunning
                0x0000000020012cf4        0x4 FreeRTOS Source\tasks.o
 .bss.uxTopReadyPriority
                0x0000000020012cf8        0x4 FreeRTOS Source\tasks.o
 .bss.xTickCount
                0x0000000020012cfc        0x4 FreeRTOS Source\tasks.o
 .bss.uxCurrentNumberOfTasks
                0x0000000020012d00        0x4 FreeRTOS Source\tasks.o
 .bss.xSuspendedTaskList
                0x0000000020012d04       0x14 FreeRTOS Source\tasks.o
 .bss.uxDeletedTasksWaitingCleanUp
                0x0000000020012d18        0x4 FreeRTOS Source\tasks.o
 .bss.xTasksWaitingTermination
                0x0000000020012d1c       0x14 FreeRTOS Source\tasks.o
 .bss.xPendingReadyList
                0x0000000020012d30       0x14 FreeRTOS Source\tasks.o
 .bss.pxOverflowDelayedTaskList
                0x0000000020012d44        0x4 FreeRTOS Source\tasks.o
 .bss.pxDelayedTaskList
                0x0000000020012d48        0x4 FreeRTOS Source\tasks.o
 .bss.xDelayedTaskList2
                0x0000000020012d4c       0x14 FreeRTOS Source\tasks.o
 .bss.xDelayedTaskList1
                0x0000000020012d60       0x14 FreeRTOS Source\tasks.o
 .bss.pxReadyTasksLists
                0x0000000020012d74       0x64 FreeRTOS Source\tasks.o
 .bss.pxCurrentTCB
                0x0000000020012dd8        0x4 FreeRTOS Source\tasks.o
                0x0000000020012dd8                pxCurrentTCB
 .bss.xLastTime.0
                0x0000000020012ddc        0x4 FreeRTOS Source\timers.o
 .bss.xTimerTaskHandle
                0x0000000020012de0        0x4 FreeRTOS Source\timers.o
 .bss.xTimerQueue
                0x0000000020012de4        0x4 FreeRTOS Source\timers.o
 .bss.pxOverflowTimerList
                0x0000000020012de8        0x4 FreeRTOS Source\timers.o
 .bss.pxCurrentTimerList
                0x0000000020012dec        0x4 FreeRTOS Source\timers.o
 .bss.xActiveTimerList2
                0x0000000020012df0       0x14 FreeRTOS Source\timers.o
 .bss.xActiveTimerList1
                0x0000000020012e04       0x14 FreeRTOS Source\timers.o
 .bss.Blocked_Messages_Per_Sender
                0x0000000020012e18        0xc src\main.o
                0x0000000020012e18                Blocked_Messages_Per_Sender
 .bss.Transmitted_Messages_Per_Sender
                0x0000000020012e24        0xc src\main.o
                0x0000000020012e24                Transmitted_Messages_Per_Sender
 .bss.Total_Blocked_Messages
                0x0000000020012e30        0x4 src\main.o
                0x0000000020012e30                Total_Blocked_Messages
 .bss.Total_Transmitted_Messages
                0x0000000020012e34        0x4 src\main.o
                0x0000000020012e34                Total_Transmitted_Messages
 .bss.messageQueue
                0x0000000020012e38        0x4 src\main.o
                0x0000000020012e38                messageQueue
 .bss.Receiver  0x0000000020012e3c        0x4 src\main.o
                0x0000000020012e3c                Receiver
 .bss.Sender    0x0000000020012e40        0x4 src\main.o
                0x0000000020012e40                Sender
 .bss.buf.0     0x0000000020012e44       0x80 system\src\diag\trace.o
 .bss.current_heap_end.0
                0x0000000020012ec4        0x4 system\src\newlib\sbrk.o
 .bss.argv_buf.0
                0x0000000020012ec8       0x28 system\src\newlib\syscalls.o
 .bss.args_buf.1
                0x0000000020012ef0       0x50 system\src\newlib\syscalls.o
 .bss.monitor_stderr
                0x0000000020012f40        0x4 system\src\newlib\syscalls.o
 .bss.monitor_stdout
                0x0000000020012f44        0x4 system\src\newlib\syscalls.o
 .bss.monitor_stdin
                0x0000000020012f48        0x4 system\src\newlib\syscalls.o
 .bss.openfiles
                0x0000000020012f4c       0xa0 system\src\newlib\syscalls.o
 .bss.errno     0x0000000020012fec        0x4 system\src\newlib\syscalls.o
                0x0000000020012fec                errno
 .bss.uwTick    0x0000000020012ff0        0x4 system\src\stm32f4-hal\stm32f4xx_hal.o
                0x0000000020012ff0                uwTick
 .bss.__sf      0x0000000020012ff4      0x138 c:/users/20109/appdata/roaming/xpacks/@xpack-dev-tools/arm-none-eabi-gcc/12.2.1-1.2.1/.content/bin/../lib/gcc/arm-none-eabi/12.2.1/../../../../arm-none-eabi/lib/thumb/v7e-m+fp/softfp\libg_nano.a(libc_a-findfp.o)
                0x0000000020012ff4                __sf
 .bss.__stdio_exit_handler
                0x000000002001312c        0x4 c:/users/20109/appdata/roaming/xpacks/@xpack-dev-tools/arm-none-eabi-gcc/12.2.1-1.2.1/.content/bin/../lib/gcc/arm-none-eabi/12.2.1/../../../../arm-none-eabi/lib/thumb/v7e-m+fp/softfp\libg_nano.a(libc_a-findfp.o)
                0x000000002001312c                __stdio_exit_handler
 .bss.__lock___malloc_recursive_mutex
                0x0000000020013130        0x1 c:/users/20109/appdata/roaming/xpacks/@xpack-dev-tools/arm-none-eabi-gcc/12.2.1-1.2.1/.content/bin/../lib/gcc/arm-none-eabi/12.2.1/../../../../arm-none-eabi/lib/thumb/v7e-m+fp/softfp\libg_nano.a(libc_a-lock.o)
                0x0000000020013130                __lock___malloc_recursive_mutex
 .bss.__lock___sfp_recursive_mutex
                0x0000000020013131        0x1 c:/users/20109/appdata/roaming/xpacks/@xpack-dev-tools/arm-none-eabi-gcc/12.2.1-1.2.1/.content/bin/../lib/gcc/arm-none-eabi/12.2.1/../../../../arm-none-eabi/lib/thumb/v7e-m+fp/softfp\libg_nano.a(libc_a-lock.o)
                0x0000000020013131                __lock___sfp_recursive_mutex
 *fill*         0x0000000020013132        0x2 
 .bss.__malloc_sbrk_start
                0x0000000020013134        0x4 c:/users/20109/appdata/roaming/xpacks/@xpack-dev-tools/arm-none-eabi-gcc/12.2.1-1.2.1/.content/bin/../lib/gcc/arm-none-eabi/12.2.1/../../../../arm-none-eabi/lib/thumb/v7e-m+fp/softfp\libg_nano.a(libc_a-mallocr.o)
                0x0000000020013134                __malloc_sbrk_start
 .bss.__malloc_free_list
                0x0000000020013138        0x4 c:/users/20109/appdata/roaming/xpacks/@xpack-dev-tools/arm-none-eabi-gcc/12.2.1-1.2.1/.content/bin/../lib/gcc/arm-none-eabi/12.2.1/../../../../arm-none-eabi/lib/thumb/v7e-m+fp/softfp\libg_nano.a(libc_a-mallocr.o)
                0x0000000020013138                __malloc_free_list
 *(COMMON)
 *(.bss_end .bss_end.*)
 .bss_end       0x000000002001313c        0x4 system\src\newlib\startup.o
                0x0000000020013140                . = ALIGN (0x4)
                0x0000000020013140                __bss_end__ = .
                0x0000000020013140                _ebss = .

.noinit_CCMRAM
 *(.noinit.CCMRAM .noinit.CCMRAM.*)

.noinit         0x0000000020013140        0x0
                0x0000000020013140                _noinit = .
 *(.noinit .noinit.*)
                0x0000000020013140                . = ALIGN (0x4)
                0x0000000020013140                _end_noinit = .
                [!provide]                        PROVIDE (end = _end_noinit)
                [!provide]                        PROVIDE (_end = _end_noinit)
                [!provide]                        PROVIDE (__end = _end_noinit)
                [!provide]                        PROVIDE (__end__ = _end_noinit)

._check_stack   0x0000000020013140      0x100
                0x0000000020013240                . = (. + _Minimum_Stack_Size)
 *fill*         0x0000000020013140      0x100 

.b1text
 *(.b1text)
 *(.b1rodata)
 *(.b1rodata.*)

.eb0text
 *(.eb0text)
 *(.eb0rodata)
 *(.eb0rodata.*)

.eb1text
 *(.eb1text)
 *(.eb1rodata)
 *(.eb1rodata.*)

.eb2text
 *(.eb2text)
 *(.eb2rodata)
 *(.eb2rodata.*)

.eb3text
 *(.eb3text)
 *(.eb3rodata)
 *(.eb3rodata.*)

.stab
 *(.stab)

.stabstr
 *(.stabstr)

.stab.excl
 *(.stab.excl)

.stab.exclstr
 *(.stab.exclstr)

.stab.index
 *(.stab.index)

.stab.indexstr
 *(.stab.indexstr)

.comment        0x0000000000000000       0x39
 *(.comment)
 .comment       0x0000000000000000       0x39 FreeRTOS Source\list.o
                                         0x3a (size before relaxing)
 .comment       0x0000000000000039       0x3a FreeRTOS Source\portable\GCC\ARM_CM4F\port.o
 .comment       0x0000000000000039       0x3a FreeRTOS Source\portable\MemMang\heap_4.o
 .comment       0x0000000000000039       0x3a FreeRTOS Source\queue.o
 .comment       0x0000000000000039       0x3a FreeRTOS Source\tasks.o
 .comment       0x0000000000000039       0x3a FreeRTOS Source\timers.o
 .comment       0x0000000000000039       0x3a src\initialize-hardware.o
 .comment       0x0000000000000039       0x3a src\main.o
 .comment       0x0000000000000039       0x3a src\stm32f4xx_hal_msp.o
 .comment       0x0000000000000039       0x3a system\src\cmsis\system_stm32f4xx.o
 .comment       0x0000000000000039       0x3a system\src\cmsis\vectors_stm32f407xx.o
 .comment       0x0000000000000039       0x3a system\src\cortexm\exception-handlers.o
 .comment       0x0000000000000039       0x3a system\src\cortexm\initialize-hardware.o
 .comment       0x0000000000000039       0x3a system\src\diag\trace-impl.o
 .comment       0x0000000000000039       0x3a system\src\diag\trace.o
 .comment       0x0000000000000039       0x3a system\src\newlib\sbrk.o
 .comment       0x0000000000000039       0x3a system\src\newlib\startup.o
 .comment       0x0000000000000039       0x3a system\src\newlib\syscalls.o
 .comment       0x0000000000000039       0x3a system\src\stm32f4-hal\stm32f4xx_hal.o
 .comment       0x0000000000000039       0x3a system\src\stm32f4-hal\stm32f4xx_hal_cortex.o
 .comment       0x0000000000000039       0x3a system\src\stm32f4-hal\stm32f4xx_hal_rcc.o
 .comment       0x0000000000000039       0x3a c:/users/20109/appdata/roaming/xpacks/@xpack-dev-tools/arm-none-eabi-gcc/12.2.1-1.2.1/.content/bin/../lib/gcc/arm-none-eabi/12.2.1/thumb/v7e-m+fp/softfp\libgcc.a(_udivmoddi4.o)
 .comment       0x0000000000000039       0x3a c:/users/20109/appdata/roaming/xpacks/@xpack-dev-tools/arm-none-eabi-gcc/12.2.1-1.2.1/.content/bin/../lib/gcc/arm-none-eabi/12.2.1/../../../../arm-none-eabi/lib/thumb/v7e-m+fp/softfp\libg_nano.a(libc_a-ctype_.o)
 .comment       0x0000000000000039       0x3a c:/users/20109/appdata/roaming/xpacks/@xpack-dev-tools/arm-none-eabi-gcc/12.2.1-1.2.1/.content/bin/../lib/gcc/arm-none-eabi/12.2.1/../../../../arm-none-eabi/lib/thumb/v7e-m+fp/softfp\libg_nano.a(libc_a-printf.o)
 .comment       0x0000000000000039       0x3a c:/users/20109/appdata/roaming/xpacks/@xpack-dev-tools/arm-none-eabi-gcc/12.2.1-1.2.1/.content/bin/../lib/gcc/arm-none-eabi/12.2.1/../../../../arm-none-eabi/lib/thumb/v7e-m+fp/softfp\libg_nano.a(libc_a-vsnprintf.o)
 .comment       0x0000000000000039       0x3a c:/users/20109/appdata/roaming/xpacks/@xpack-dev-tools/arm-none-eabi-gcc/12.2.1-1.2.1/.content/bin/../lib/gcc/arm-none-eabi/12.2.1/../../../../arm-none-eabi/lib/thumb/v7e-m+fp/softfp\libg_nano.a(libc_a-memset.o)
 .comment       0x0000000000000039       0x3a c:/users/20109/appdata/roaming/xpacks/@xpack-dev-tools/arm-none-eabi-gcc/12.2.1-1.2.1/.content/bin/../lib/gcc/arm-none-eabi/12.2.1/../../../../arm-none-eabi/lib/thumb/v7e-m+fp/softfp\libg_nano.a(libc_a-impure.o)
 .comment       0x0000000000000039       0x3a c:/users/20109/appdata/roaming/xpacks/@xpack-dev-tools/arm-none-eabi-gcc/12.2.1-1.2.1/.content/bin/../lib/gcc/arm-none-eabi/12.2.1/../../../../arm-none-eabi/lib/thumb/v7e-m+fp/softfp\libg_nano.a(libc_a-errno.o)
 .comment       0x0000000000000039       0x3a c:/users/20109/appdata/roaming/xpacks/@xpack-dev-tools/arm-none-eabi-gcc/12.2.1-1.2.1/.content/bin/../lib/gcc/arm-none-eabi/12.2.1/../../../../arm-none-eabi/lib/thumb/v7e-m+fp/softfp\libg_nano.a(libc_a-memcpy-stub.o)
 .comment       0x0000000000000039       0x3a c:/users/20109/appdata/roaming/xpacks/@xpack-dev-tools/arm-none-eabi-gcc/12.2.1-1.2.1/.content/bin/../lib/gcc/arm-none-eabi/12.2.1/../../../../arm-none-eabi/lib/thumb/v7e-m+fp/softfp\libg_nano.a(libc_a-nano-svfprintf.o)
 .comment       0x0000000000000039       0x3a c:/users/20109/appdata/roaming/xpacks/@xpack-dev-tools/arm-none-eabi-gcc/12.2.1-1.2.1/.content/bin/../lib/gcc/arm-none-eabi/12.2.1/../../../../arm-none-eabi/lib/thumb/v7e-m+fp/softfp\libg_nano.a(libc_a-nano-vfprintf.o)
 .comment       0x0000000000000039       0x3a c:/users/20109/appdata/roaming/xpacks/@xpack-dev-tools/arm-none-eabi-gcc/12.2.1-1.2.1/.content/bin/../lib/gcc/arm-none-eabi/12.2.1/../../../../arm-none-eabi/lib/thumb/v7e-m+fp/softfp\libg_nano.a(libc_a-nano-vfprintf_i.o)
 .comment       0x0000000000000039       0x3a c:/users/20109/appdata/roaming/xpacks/@xpack-dev-tools/arm-none-eabi-gcc/12.2.1-1.2.1/.content/bin/../lib/gcc/arm-none-eabi/12.2.1/../../../../arm-none-eabi/lib/thumb/v7e-m+fp/softfp\libg_nano.a(libc_a-findfp.o)
 .comment       0x0000000000000039       0x3a c:/users/20109/appdata/roaming/xpacks/@xpack-dev-tools/arm-none-eabi-gcc/12.2.1-1.2.1/.content/bin/../lib/gcc/arm-none-eabi/12.2.1/../../../../arm-none-eabi/lib/thumb/v7e-m+fp/softfp\libg_nano.a(libc_a-fwalk.o)
 .comment       0x0000000000000039       0x3a c:/users/20109/appdata/roaming/xpacks/@xpack-dev-tools/arm-none-eabi-gcc/12.2.1-1.2.1/.content/bin/../lib/gcc/arm-none-eabi/12.2.1/../../../../arm-none-eabi/lib/thumb/v7e-m+fp/softfp\libg_nano.a(libc_a-stdio.o)
 .comment       0x0000000000000039       0x3a c:/users/20109/appdata/roaming/xpacks/@xpack-dev-tools/arm-none-eabi-gcc/12.2.1-1.2.1/.content/bin/../lib/gcc/arm-none-eabi/12.2.1/../../../../arm-none-eabi/lib/thumb/v7e-m+fp/softfp\libg_nano.a(libc_a-wbuf.o)
 .comment       0x0000000000000039       0x3a c:/users/20109/appdata/roaming/xpacks/@xpack-dev-tools/arm-none-eabi-gcc/12.2.1-1.2.1/.content/bin/../lib/gcc/arm-none-eabi/12.2.1/../../../../arm-none-eabi/lib/thumb/v7e-m+fp/softfp\libg_nano.a(libc_a-wsetup.o)
 .comment       0x0000000000000039       0x3a c:/users/20109/appdata/roaming/xpacks/@xpack-dev-tools/arm-none-eabi-gcc/12.2.1-1.2.1/.content/bin/../lib/gcc/arm-none-eabi/12.2.1/../../../../arm-none-eabi/lib/thumb/v7e-m+fp/softfp\libg_nano.a(libc_a-memmove.o)
 .comment       0x0000000000000039       0x3a c:/users/20109/appdata/roaming/xpacks/@xpack-dev-tools/arm-none-eabi-gcc/12.2.1-1.2.1/.content/bin/../lib/gcc/arm-none-eabi/12.2.1/../../../../arm-none-eabi/lib/thumb/v7e-m+fp/softfp\libg_nano.a(libc_a-closer.o)
 .comment       0x0000000000000039       0x3a c:/users/20109/appdata/roaming/xpacks/@xpack-dev-tools/arm-none-eabi-gcc/12.2.1-1.2.1/.content/bin/../lib/gcc/arm-none-eabi/12.2.1/../../../../arm-none-eabi/lib/thumb/v7e-m+fp/softfp\libg_nano.a(libc_a-lseekr.o)
 .comment       0x0000000000000039       0x3a c:/users/20109/appdata/roaming/xpacks/@xpack-dev-tools/arm-none-eabi-gcc/12.2.1-1.2.1/.content/bin/../lib/gcc/arm-none-eabi/12.2.1/../../../../arm-none-eabi/lib/thumb/v7e-m+fp/softfp\libg_nano.a(libc_a-readr.o)
 .comment       0x0000000000000039       0x3a c:/users/20109/appdata/roaming/xpacks/@xpack-dev-tools/arm-none-eabi-gcc/12.2.1-1.2.1/.content/bin/../lib/gcc/arm-none-eabi/12.2.1/../../../../arm-none-eabi/lib/thumb/v7e-m+fp/softfp\libg_nano.a(libc_a-writer.o)
 .comment       0x0000000000000039       0x3a c:/users/20109/appdata/roaming/xpacks/@xpack-dev-tools/arm-none-eabi-gcc/12.2.1-1.2.1/.content/bin/../lib/gcc/arm-none-eabi/12.2.1/../../../../arm-none-eabi/lib/thumb/v7e-m+fp/softfp\libg_nano.a(libc_a-lock.o)
 .comment       0x0000000000000039       0x3a c:/users/20109/appdata/roaming/xpacks/@xpack-dev-tools/arm-none-eabi-gcc/12.2.1-1.2.1/.content/bin/../lib/gcc/arm-none-eabi/12.2.1/../../../../arm-none-eabi/lib/thumb/v7e-m+fp/softfp\libg_nano.a(libc_a-freer.o)
 .comment       0x0000000000000039       0x3a c:/users/20109/appdata/roaming/xpacks/@xpack-dev-tools/arm-none-eabi-gcc/12.2.1-1.2.1/.content/bin/../lib/gcc/arm-none-eabi/12.2.1/../../../../arm-none-eabi/lib/thumb/v7e-m+fp/softfp\libg_nano.a(libc_a-mallocr.o)
 .comment       0x0000000000000039       0x3a c:/users/20109/appdata/roaming/xpacks/@xpack-dev-tools/arm-none-eabi-gcc/12.2.1-1.2.1/.content/bin/../lib/gcc/arm-none-eabi/12.2.1/../../../../arm-none-eabi/lib/thumb/v7e-m+fp/softfp\libg_nano.a(libc_a-mlock.o)
 .comment       0x0000000000000039       0x3a c:/users/20109/appdata/roaming/xpacks/@xpack-dev-tools/arm-none-eabi-gcc/12.2.1-1.2.1/.content/bin/../lib/gcc/arm-none-eabi/12.2.1/../../../../arm-none-eabi/lib/thumb/v7e-m+fp/softfp\libg_nano.a(libc_a-reallocr.o)
 .comment       0x0000000000000039       0x3a c:/users/20109/appdata/roaming/xpacks/@xpack-dev-tools/arm-none-eabi-gcc/12.2.1-1.2.1/.content/bin/../lib/gcc/arm-none-eabi/12.2.1/../../../../arm-none-eabi/lib/thumb/v7e-m+fp/softfp\libg_nano.a(libc_a-fflush.o)
 .comment       0x0000000000000039       0x3a c:/users/20109/appdata/roaming/xpacks/@xpack-dev-tools/arm-none-eabi-gcc/12.2.1-1.2.1/.content/bin/../lib/gcc/arm-none-eabi/12.2.1/../../../../arm-none-eabi/lib/thumb/v7e-m+fp/softfp\libg_nano.a(libc_a-makebuf.o)
 .comment       0x0000000000000039       0x3a c:/users/20109/appdata/roaming/xpacks/@xpack-dev-tools/arm-none-eabi-gcc/12.2.1-1.2.1/.content/bin/../lib/gcc/arm-none-eabi/12.2.1/../../../../arm-none-eabi/lib/thumb/v7e-m+fp/softfp\libg_nano.a(libc_a-fstatr.o)
 .comment       0x0000000000000039       0x3a c:/users/20109/appdata/roaming/xpacks/@xpack-dev-tools/arm-none-eabi-gcc/12.2.1-1.2.1/.content/bin/../lib/gcc/arm-none-eabi/12.2.1/../../../../arm-none-eabi/lib/thumb/v7e-m+fp/softfp\libg_nano.a(libc_a-isattyr.o)
 .comment       0x0000000000000039       0x3a c:/users/20109/appdata/roaming/xpacks/@xpack-dev-tools/arm-none-eabi-gcc/12.2.1-1.2.1/.content/bin/../lib/gcc/arm-none-eabi/12.2.1/../../../../arm-none-eabi/lib/thumb/v7e-m+fp/softfp\libg_nano.a(libc_a-sbrkr.o)
 .comment       0x0000000000000039       0x3a c:/users/20109/appdata/roaming/xpacks/@xpack-dev-tools/arm-none-eabi-gcc/12.2.1-1.2.1/.content/bin/../lib/gcc/arm-none-eabi/12.2.1/../../../../arm-none-eabi/lib/thumb/v7e-m+fp/softfp\libg_nano.a(libc_a-msizer.o)

.ARM.attributes
                0x0000000000000000       0x30
 .ARM.attributes
                0x0000000000000000       0x32 FreeRTOS Source\list.o
 .ARM.attributes
                0x0000000000000032       0x32 FreeRTOS Source\portable\GCC\ARM_CM4F\port.o
 .ARM.attributes
                0x0000000000000064       0x32 FreeRTOS Source\portable\MemMang\heap_4.o
 .ARM.attributes
                0x0000000000000096       0x32 FreeRTOS Source\queue.o
 .ARM.attributes
                0x00000000000000c8       0x32 FreeRTOS Source\tasks.o
 .ARM.attributes
                0x00000000000000fa       0x32 FreeRTOS Source\timers.o
 .ARM.attributes
                0x000000000000012c       0x32 src\initialize-hardware.o
 .ARM.attributes
                0x000000000000015e       0x32 src\main.o
 .ARM.attributes
                0x0000000000000190       0x32 src\stm32f4xx_hal_msp.o
 .ARM.attributes
                0x00000000000001c2       0x32 system\src\cmsis\system_stm32f4xx.o
 .ARM.attributes
                0x00000000000001f4       0x32 system\src\cmsis\vectors_stm32f407xx.o
 .ARM.attributes
                0x0000000000000226       0x32 system\src\cortexm\exception-handlers.o
 .ARM.attributes
                0x0000000000000258       0x32 system\src\cortexm\initialize-hardware.o
 .ARM.attributes
                0x000000000000028a       0x32 system\src\diag\trace-impl.o
 .ARM.attributes
                0x00000000000002bc       0x32 system\src\diag\trace.o
 .ARM.attributes
                0x00000000000002ee       0x32 system\src\newlib\sbrk.o
 .ARM.attributes
                0x0000000000000320       0x32 system\src\newlib\startup.o
 .ARM.attributes
                0x0000000000000352       0x32 system\src\newlib\syscalls.o
 .ARM.attributes
                0x0000000000000384       0x32 system\src\stm32f4-hal\stm32f4xx_hal.o
 .ARM.attributes
                0x00000000000003b6       0x32 system\src\stm32f4-hal\stm32f4xx_hal_cortex.o
 .ARM.attributes
                0x00000000000003e8       0x32 system\src\stm32f4-hal\stm32f4xx_hal_rcc.o
 .ARM.attributes
                0x000000000000041a       0x22 c:/users/20109/appdata/roaming/xpacks/@xpack-dev-tools/arm-none-eabi-gcc/12.2.1-1.2.1/.content/bin/../lib/gcc/arm-none-eabi/12.2.1/thumb/v7e-m+fp/softfp\libgcc.a(_aeabi_uldivmod.o)
 .ARM.attributes
                0x000000000000043c       0x32 c:/users/20109/appdata/roaming/xpacks/@xpack-dev-tools/arm-none-eabi-gcc/12.2.1-1.2.1/.content/bin/../lib/gcc/arm-none-eabi/12.2.1/thumb/v7e-m+fp/softfp\libgcc.a(_udivmoddi4.o)
 .ARM.attributes
                0x000000000000046e       0x22 c:/users/20109/appdata/roaming/xpacks/@xpack-dev-tools/arm-none-eabi-gcc/12.2.1-1.2.1/.content/bin/../lib/gcc/arm-none-eabi/12.2.1/thumb/v7e-m+fp/softfp\libgcc.a(_dvmd_tls.o)
 .ARM.attributes
                0x0000000000000490       0x32 c:/users/20109/appdata/roaming/xpacks/@xpack-dev-tools/arm-none-eabi-gcc/12.2.1-1.2.1/.content/bin/../lib/gcc/arm-none-eabi/12.2.1/../../../../arm-none-eabi/lib/thumb/v7e-m+fp/softfp\libg_nano.a(libc_a-ctype_.o)
 .ARM.attributes
                0x00000000000004c2       0x32 c:/users/20109/appdata/roaming/xpacks/@xpack-dev-tools/arm-none-eabi-gcc/12.2.1-1.2.1/.content/bin/../lib/gcc/arm-none-eabi/12.2.1/../../../../arm-none-eabi/lib/thumb/v7e-m+fp/softfp\libg_nano.a(libc_a-printf.o)
 .ARM.attributes
                0x00000000000004f4       0x32 c:/users/20109/appdata/roaming/xpacks/@xpack-dev-tools/arm-none-eabi-gcc/12.2.1-1.2.1/.content/bin/../lib/gcc/arm-none-eabi/12.2.1/../../../../arm-none-eabi/lib/thumb/v7e-m+fp/softfp\libg_nano.a(libc_a-vsnprintf.o)
 .ARM.attributes
                0x0000000000000526       0x32 c:/users/20109/appdata/roaming/xpacks/@xpack-dev-tools/arm-none-eabi-gcc/12.2.1-1.2.1/.content/bin/../lib/gcc/arm-none-eabi/12.2.1/../../../../arm-none-eabi/lib/thumb/v7e-m+fp/softfp\libg_nano.a(libc_a-memset.o)
 .ARM.attributes
                0x0000000000000558       0x32 c:/users/20109/appdata/roaming/xpacks/@xpack-dev-tools/arm-none-eabi-gcc/12.2.1-1.2.1/.content/bin/../lib/gcc/arm-none-eabi/12.2.1/../../../../arm-none-eabi/lib/thumb/v7e-m+fp/softfp\libg_nano.a(libc_a-impure.o)
 .ARM.attributes
                0x000000000000058a       0x32 c:/users/20109/appdata/roaming/xpacks/@xpack-dev-tools/arm-none-eabi-gcc/12.2.1-1.2.1/.content/bin/../lib/gcc/arm-none-eabi/12.2.1/../../../../arm-none-eabi/lib/thumb/v7e-m+fp/softfp\libg_nano.a(libc_a-errno.o)
 .ARM.attributes
                0x00000000000005bc       0x20 c:/users/20109/appdata/roaming/xpacks/@xpack-dev-tools/arm-none-eabi-gcc/12.2.1-1.2.1/.content/bin/../lib/gcc/arm-none-eabi/12.2.1/../../../../arm-none-eabi/lib/thumb/v7e-m+fp/softfp\libg_nano.a(libc_a-strcmp.o)
 .ARM.attributes
                0x00000000000005dc       0x32 c:/users/20109/appdata/roaming/xpacks/@xpack-dev-tools/arm-none-eabi-gcc/12.2.1-1.2.1/.content/bin/../lib/gcc/arm-none-eabi/12.2.1/../../../../arm-none-eabi/lib/thumb/v7e-m+fp/softfp\libg_nano.a(libc_a-memcpy-stub.o)
 .ARM.attributes
                0x000000000000060e       0x17 c:/users/20109/appdata/roaming/xpacks/@xpack-dev-tools/arm-none-eabi-gcc/12.2.1-1.2.1/.content/bin/../lib/gcc/arm-none-eabi/12.2.1/../../../../arm-none-eabi/lib/thumb/v7e-m+fp/softfp\libg_nano.a(libc_a-strlen.o)
 .ARM.attributes
                0x0000000000000625       0x32 c:/users/20109/appdata/roaming/xpacks/@xpack-dev-tools/arm-none-eabi-gcc/12.2.1-1.2.1/.content/bin/../lib/gcc/arm-none-eabi/12.2.1/../../../../arm-none-eabi/lib/thumb/v7e-m+fp/softfp\libg_nano.a(libc_a-nano-svfprintf.o)
 .ARM.attributes
                0x0000000000000657       0x32 c:/users/20109/appdata/roaming/xpacks/@xpack-dev-tools/arm-none-eabi-gcc/12.2.1-1.2.1/.content/bin/../lib/gcc/arm-none-eabi/12.2.1/../../../../arm-none-eabi/lib/thumb/v7e-m+fp/softfp\libg_nano.a(libc_a-nano-vfprintf.o)
 .ARM.attributes
                0x0000000000000689       0x32 c:/users/20109/appdata/roaming/xpacks/@xpack-dev-tools/arm-none-eabi-gcc/12.2.1-1.2.1/.content/bin/../lib/gcc/arm-none-eabi/12.2.1/../../../../arm-none-eabi/lib/thumb/v7e-m+fp/softfp\libg_nano.a(libc_a-nano-vfprintf_i.o)
 .ARM.attributes
                0x00000000000006bb       0x32 c:/users/20109/appdata/roaming/xpacks/@xpack-dev-tools/arm-none-eabi-gcc/12.2.1-1.2.1/.content/bin/../lib/gcc/arm-none-eabi/12.2.1/../../../../arm-none-eabi/lib/thumb/v7e-m+fp/softfp\libg_nano.a(libc_a-findfp.o)
 .ARM.attributes
                0x00000000000006ed       0x32 c:/users/20109/appdata/roaming/xpacks/@xpack-dev-tools/arm-none-eabi-gcc/12.2.1-1.2.1/.content/bin/../lib/gcc/arm-none-eabi/12.2.1/../../../../arm-none-eabi/lib/thumb/v7e-m+fp/softfp\libg_nano.a(libc_a-fwalk.o)
 .ARM.attributes
                0x000000000000071f       0x32 c:/users/20109/appdata/roaming/xpacks/@xpack-dev-tools/arm-none-eabi-gcc/12.2.1-1.2.1/.content/bin/../lib/gcc/arm-none-eabi/12.2.1/../../../../arm-none-eabi/lib/thumb/v7e-m+fp/softfp\libg_nano.a(libc_a-stdio.o)
 .ARM.attributes
                0x0000000000000751       0x32 c:/users/20109/appdata/roaming/xpacks/@xpack-dev-tools/arm-none-eabi-gcc/12.2.1-1.2.1/.content/bin/../lib/gcc/arm-none-eabi/12.2.1/../../../../arm-none-eabi/lib/thumb/v7e-m+fp/softfp\libg_nano.a(libc_a-wbuf.o)
 .ARM.attributes
                0x0000000000000783       0x32 c:/users/20109/appdata/roaming/xpacks/@xpack-dev-tools/arm-none-eabi-gcc/12.2.1-1.2.1/.content/bin/../lib/gcc/arm-none-eabi/12.2.1/../../../../arm-none-eabi/lib/thumb/v7e-m+fp/softfp\libg_nano.a(libc_a-wsetup.o)
 .ARM.attributes
                0x00000000000007b5       0x32 c:/users/20109/appdata/roaming/xpacks/@xpack-dev-tools/arm-none-eabi-gcc/12.2.1-1.2.1/.content/bin/../lib/gcc/arm-none-eabi/12.2.1/../../../../arm-none-eabi/lib/thumb/v7e-m+fp/softfp\libg_nano.a(libc_a-memmove.o)
 .ARM.attributes
                0x00000000000007e7       0x32 c:/users/20109/appdata/roaming/xpacks/@xpack-dev-tools/arm-none-eabi-gcc/12.2.1-1.2.1/.content/bin/../lib/gcc/arm-none-eabi/12.2.1/../../../../arm-none-eabi/lib/thumb/v7e-m+fp/softfp\libg_nano.a(libc_a-closer.o)
 .ARM.attributes
                0x0000000000000819       0x32 c:/users/20109/appdata/roaming/xpacks/@xpack-dev-tools/arm-none-eabi-gcc/12.2.1-1.2.1/.content/bin/../lib/gcc/arm-none-eabi/12.2.1/../../../../arm-none-eabi/lib/thumb/v7e-m+fp/softfp\libg_nano.a(libc_a-lseekr.o)
 .ARM.attributes
                0x000000000000084b       0x32 c:/users/20109/appdata/roaming/xpacks/@xpack-dev-tools/arm-none-eabi-gcc/12.2.1-1.2.1/.content/bin/../lib/gcc/arm-none-eabi/12.2.1/../../../../arm-none-eabi/lib/thumb/v7e-m+fp/softfp\libg_nano.a(libc_a-readr.o)
 .ARM.attributes
                0x000000000000087d       0x32 c:/users/20109/appdata/roaming/xpacks/@xpack-dev-tools/arm-none-eabi-gcc/12.2.1-1.2.1/.content/bin/../lib/gcc/arm-none-eabi/12.2.1/../../../../arm-none-eabi/lib/thumb/v7e-m+fp/softfp\libg_nano.a(libc_a-writer.o)
 .ARM.attributes
                0x00000000000008af       0x32 c:/users/20109/appdata/roaming/xpacks/@xpack-dev-tools/arm-none-eabi-gcc/12.2.1-1.2.1/.content/bin/../lib/gcc/arm-none-eabi/12.2.1/../../../../arm-none-eabi/lib/thumb/v7e-m+fp/softfp\libg_nano.a(libc_a-lock.o)
 .ARM.attributes
                0x00000000000008e1       0x1c c:/users/20109/appdata/roaming/xpacks/@xpack-dev-tools/arm-none-eabi-gcc/12.2.1-1.2.1/.content/bin/../lib/gcc/arm-none-eabi/12.2.1/../../../../arm-none-eabi/lib/thumb/v7e-m+fp/softfp\libg_nano.a(libc_a-memchr.o)
 .ARM.attributes
                0x00000000000008fd       0x32 c:/users/20109/appdata/roaming/xpacks/@xpack-dev-tools/arm-none-eabi-gcc/12.2.1-1.2.1/.content/bin/../lib/gcc/arm-none-eabi/12.2.1/../../../../arm-none-eabi/lib/thumb/v7e-m+fp/softfp\libg_nano.a(libc_a-freer.o)
 .ARM.attributes
                0x000000000000092f       0x32 c:/users/20109/appdata/roaming/xpacks/@xpack-dev-tools/arm-none-eabi-gcc/12.2.1-1.2.1/.content/bin/../lib/gcc/arm-none-eabi/12.2.1/../../../../arm-none-eabi/lib/thumb/v7e-m+fp/softfp\libg_nano.a(libc_a-mallocr.o)
 .ARM.attributes
                0x0000000000000961       0x32 c:/users/20109/appdata/roaming/xpacks/@xpack-dev-tools/arm-none-eabi-gcc/12.2.1-1.2.1/.content/bin/../lib/gcc/arm-none-eabi/12.2.1/../../../../arm-none-eabi/lib/thumb/v7e-m+fp/softfp\libg_nano.a(libc_a-mlock.o)
 .ARM.attributes
                0x0000000000000993       0x32 c:/users/20109/appdata/roaming/xpacks/@xpack-dev-tools/arm-none-eabi-gcc/12.2.1-1.2.1/.content/bin/../lib/gcc/arm-none-eabi/12.2.1/../../../../arm-none-eabi/lib/thumb/v7e-m+fp/softfp\libg_nano.a(libc_a-reallocr.o)
 .ARM.attributes
                0x00000000000009c5       0x32 c:/users/20109/appdata/roaming/xpacks/@xpack-dev-tools/arm-none-eabi-gcc/12.2.1-1.2.1/.content/bin/../lib/gcc/arm-none-eabi/12.2.1/../../../../arm-none-eabi/lib/thumb/v7e-m+fp/softfp\libg_nano.a(libc_a-fflush.o)
 .ARM.attributes
                0x00000000000009f7       0x32 c:/users/20109/appdata/roaming/xpacks/@xpack-dev-tools/arm-none-eabi-gcc/12.2.1-1.2.1/.content/bin/../lib/gcc/arm-none-eabi/12.2.1/../../../../arm-none-eabi/lib/thumb/v7e-m+fp/softfp\libg_nano.a(libc_a-makebuf.o)
 .ARM.attributes
                0x0000000000000a29       0x32 c:/users/20109/appdata/roaming/xpacks/@xpack-dev-tools/arm-none-eabi-gcc/12.2.1-1.2.1/.content/bin/../lib/gcc/arm-none-eabi/12.2.1/../../../../arm-none-eabi/lib/thumb/v7e-m+fp/softfp\libg_nano.a(libc_a-fstatr.o)
 .ARM.attributes
                0x0000000000000a5b       0x32 c:/users/20109/appdata/roaming/xpacks/@xpack-dev-tools/arm-none-eabi-gcc/12.2.1-1.2.1/.content/bin/../lib/gcc/arm-none-eabi/12.2.1/../../../../arm-none-eabi/lib/thumb/v7e-m+fp/softfp\libg_nano.a(libc_a-isattyr.o)
 .ARM.attributes
                0x0000000000000a8d       0x32 c:/users/20109/appdata/roaming/xpacks/@xpack-dev-tools/arm-none-eabi-gcc/12.2.1-1.2.1/.content/bin/../lib/gcc/arm-none-eabi/12.2.1/../../../../arm-none-eabi/lib/thumb/v7e-m+fp/softfp\libg_nano.a(libc_a-sbrkr.o)
 .ARM.attributes
                0x0000000000000abf       0x32 c:/users/20109/appdata/roaming/xpacks/@xpack-dev-tools/arm-none-eabi-gcc/12.2.1-1.2.1/.content/bin/../lib/gcc/arm-none-eabi/12.2.1/../../../../arm-none-eabi/lib/thumb/v7e-m+fp/softfp\libg_nano.a(libc_a-msizer.o)

.debug
 *(.debug)

.line
 *(.line)

.debug_srcinfo
 *(.debug_srcinfo)

.debug_sfnames
 *(.debug_sfnames)

.debug_aranges  0x0000000000000000      0xb18
 *(.debug_aranges)
 .debug_aranges
                0x0000000000000000       0x40 FreeRTOS Source\list.o
 .debug_aranges
                0x0000000000000040       0x78 FreeRTOS Source\portable\GCC\ARM_CM4F\port.o
 .debug_aranges
                0x00000000000000b8       0x50 FreeRTOS Source\portable\MemMang\heap_4.o
 .debug_aranges
                0x0000000000000108      0x118 FreeRTOS Source\queue.o
 .debug_aranges
                0x0000000000000220      0x1d8 FreeRTOS Source\tasks.o
 .debug_aranges
                0x00000000000003f8       0xb8 FreeRTOS Source\timers.o
 .debug_aranges
                0x00000000000004b0       0x30 src\initialize-hardware.o
 .debug_aranges
                0x00000000000004e0       0x60 src\main.o
 .debug_aranges
                0x0000000000000540       0x38 src\stm32f4xx_hal_msp.o
 .debug_aranges
                0x0000000000000578       0x28 system\src\cmsis\system_stm32f4xx.o
 .debug_aranges
                0x00000000000005a0       0x20 system\src\cmsis\vectors_stm32f407xx.o
 .debug_aranges
                0x00000000000005c0       0x98 system\src\cortexm\exception-handlers.o
 .debug_aranges
                0x0000000000000658       0x28 system\src\cortexm\initialize-hardware.o
 .debug_aranges
                0x0000000000000680       0x30 system\src\diag\trace-impl.o
 .debug_aranges
                0x00000000000006b0       0x38 system\src\diag\trace.o
 .debug_aranges
                0x00000000000006e8       0x20 system\src\newlib\sbrk.o
 .debug_aranges
                0x0000000000000708       0x40 system\src\newlib\startup.o
 .debug_aranges
                0x0000000000000748      0x120 system\src\newlib\syscalls.o
 .debug_aranges
                0x0000000000000868       0xf0 system\src\stm32f4-hal\stm32f4xx_hal.o
 .debug_aranges
                0x0000000000000958       0xd8 system\src\stm32f4-hal\stm32f4xx_hal_cortex.o
 .debug_aranges
                0x0000000000000a30       0x88 system\src\stm32f4-hal\stm32f4xx_hal_rcc.o
 .debug_aranges
                0x0000000000000ab8       0x20 c:/users/20109/appdata/roaming/xpacks/@xpack-dev-tools/arm-none-eabi-gcc/12.2.1-1.2.1/.content/bin/../lib/gcc/arm-none-eabi/12.2.1/thumb/v7e-m+fp/softfp\libgcc.a(_aeabi_uldivmod.o)
 .debug_aranges
                0x0000000000000ad8       0x20 c:/users/20109/appdata/roaming/xpacks/@xpack-dev-tools/arm-none-eabi-gcc/12.2.1-1.2.1/.content/bin/../lib/gcc/arm-none-eabi/12.2.1/thumb/v7e-m+fp/softfp\libgcc.a(_udivmoddi4.o)
 .debug_aranges
                0x0000000000000af8       0x20 c:/users/20109/appdata/roaming/xpacks/@xpack-dev-tools/arm-none-eabi-gcc/12.2.1-1.2.1/.content/bin/../lib/gcc/arm-none-eabi/12.2.1/thumb/v7e-m+fp/softfp\libgcc.a(_dvmd_tls.o)

.debug_pubnames
 *(.debug_pubnames)

.debug_info     0x0000000000000000     0xdf33
 *(.debug_info .gnu.linkonce.wi.*)
 .debug_info    0x0000000000000000      0x2b9 FreeRTOS Source\list.o
 .debug_info    0x00000000000002b9      0x50e FreeRTOS Source\portable\GCC\ARM_CM4F\port.o
 .debug_info    0x00000000000007c7      0x497 FreeRTOS Source\portable\MemMang\heap_4.o
 .debug_info    0x0000000000000c5e     0x1ca2 FreeRTOS Source\queue.o
 .debug_info    0x0000000000002900     0x2b35 FreeRTOS Source\tasks.o
 .debug_info    0x0000000000005435     0x125a FreeRTOS Source\timers.o
 .debug_info    0x000000000000668f      0x5a8 src\initialize-hardware.o
 .debug_info    0x0000000000006c37      0x7fa src\main.o
 .debug_info    0x0000000000007431       0xb8 src\stm32f4xx_hal_msp.o
 .debug_info    0x00000000000074e9      0x52b system\src\cmsis\system_stm32f4xx.o
 .debug_info    0x0000000000007a14      0x10b system\src\cmsis\vectors_stm32f407xx.o
 .debug_info    0x0000000000007b1f      0x9fa system\src\cortexm\exception-handlers.o
 .debug_info    0x0000000000008519      0x292 system\src\cortexm\initialize-hardware.o
 .debug_info    0x00000000000087ab      0x319 system\src\diag\trace-impl.o
 .debug_info    0x0000000000008ac4      0x341 system\src\diag\trace.o
 .debug_info    0x0000000000008e05      0x10f system\src\newlib\sbrk.o